    Addr      Off     Size Out     In      Symbol
       -        8       cf TYPE
       -       d7      1e9 IMPORT
       -      2c0       c9 FUNCTION
       -      389        7 TABLE
       -      390        5 MEMORY
       -      395        a GLOBAL
       0        0        0         __stack_pointer
       -      39f       88 EXPORT
       -      427       69 ELEM
       -      490     3fdf CODE
       -      492        7         <internal>:(__wasm_call_ctors)
       -      499       11         K:/c++/ShineEngine/Program/smallwasm/build-wasm/gl_ctx.o:(init)
       -      499       11                 init
       -      4aa       13         K:/c++/ShineEngine/Program/smallwasm/build-wasm/gl_ctx.o:(resize)
       -      4aa       13                 resize
       -      4bd       11         K:/c++/ShineEngine/Program/smallwasm/build-wasm/gl_ctx.o:(frame)
       -      4bd       11                 frame
       -      4ce       15         K:/c++/ShineEngine/Program/smallwasm/build-wasm/gl_ctx.o:(pointer)
       -      4ce       15                 pointer
       -      4e3       37         K:/c++/ShineEngine/Program/smallwasm/build-wasm/gl_api.o:(gl_create_program_from_source)
       -      4e3       37                 gl_create_program_from_source
       -      51a       32         K:/c++/ShineEngine/Program/smallwasm/build-wasm/gl_api.o:(_ZN5shine4wasmL10raw_strlenEPKc)
       -      51a       32                 shine::wasm::raw_strlen(char const*)
       -      54c      162         K:/c++/ShineEngine/Program/smallwasm/build-wasm/wasm_runtime.o:(malloc)
       -      54c      162                 malloc
       -      6ae       3e         K:/c++/ShineEngine/Program/smallwasm/build-wasm/wasm_runtime.o:(free)
       -      6ae       3e                 free
       -      6ec       15         K:/c++/ShineEngine/Program/smallwasm/build-wasm/wasm_runtime.o:(_Znwm)
       -      6ec       15                 operator new(unsigned long)
       -      701        b         K:/c++/ShineEngine/Program/smallwasm/build-wasm/wasm_runtime.o:(_ZdlPvm)
       -      701        b                 operator delete(void*, unsigned long)
       -      70c        5         K:/c++/ShineEngine/Program/smallwasm/build-wasm/wasm_runtime.o:(__cxa_atexit)
       -      70c        5                 __cxa_atexit
       -      711        3         K:/c++/ShineEngine/Program/smallwasm/build-wasm/wasm_runtime.o:(__cxa_pure_virtual)
       -      711        3                 __cxa_pure_virtual
       -      714       c0         K:/c++/ShineEngine/Program/smallwasm/build-wasm/wasm_runtime.o:(_ZN5shine4wasm20svector_reserve_implEPPvPjjjj)
       -      714       c0                 shine::wasm::svector_reserve_impl(void**, unsigned int*, unsigned int, unsigned int, unsigned int)
       -      7d4        9         K:/c++/ShineEngine/Program/smallwasm/build-wasm/wasm_command_buffer.o:(_ZN5shine8graphics13CommandBuffer8instanceEv)
       -      7d4        9                 shine::graphics::CommandBuffer::instance()
       -      7dd       15         K:/c++/ShineEngine/Program/smallwasm/build-wasm/wasm_command_buffer.o:(_ZN5shine8graphics13CommandBuffer5resetEv)
       -      7dd       15                 shine::graphics::CommandBuffer::reset()
       -      7f2       68         K:/c++/ShineEngine/Program/smallwasm/build-wasm/wasm_command_buffer.o:(_ZN5shine8graphics13CommandBuffer4pushEiiiiiiii)
       -      7f2       68                 shine::graphics::CommandBuffer::push(int, int, int, int, int, int, int, int)
       -      85a        5         K:/c++/ShineEngine/Program/smallwasm/build-wasm/wasm_command_buffer.o:(_ZN5shine8graphics13CommandBuffer7getDataEv)
       -      85a        5                 shine::graphics::CommandBuffer::getData()
       -      85f        a         K:/c++/ShineEngine/Program/smallwasm/build-wasm/wasm_command_buffer.o:(_ZNK5shine8graphics13CommandBuffer8getCountEv)
       -      85f        a                 shine::graphics::CommandBuffer::getCount() const
       -      869       10         K:/c++/ShineEngine/Program/smallwasm/build-wasm/renderer_2d.o:(__cxx_global_array_dtor)
       -      869       10                 __cxx_global_array_dtor
       -      879       1f         K:/c++/ShineEngine/Program/smallwasm/build-wasm/renderer_2d.o:(_ZN5shine8graphics10Renderer2DD2Ev)
       -      879       1f                 shine::graphics::Renderer2D::~Renderer2D()
       -      898       2a         K:/c++/ShineEngine/Program/smallwasm/build-wasm/renderer_2d.o:(_ZN5shine4wasm7SVectorINS_8graphics10Renderer2D5BatchEED2Ev)
       -      898       2a                 shine::wasm::SVector<shine::graphics::Renderer2D::Batch>::~SVector()
       -      8c2       2a         K:/c++/ShineEngine/Program/smallwasm/build-wasm/renderer_2d.o:(_ZN5shine4wasm7SVectorIfED2Ev)
       -      8c2       2a                 shine::wasm::SVector<float>::~SVector()
       -      8ec        9         K:/c++/ShineEngine/Program/smallwasm/build-wasm/renderer_2d.o:(_ZN5shine8graphics10Renderer2D8instanceEv)
       -      8ec        9                 shine::graphics::Renderer2D::instance()
       -      8f5      1a2         K:/c++/ShineEngine/Program/smallwasm/build-wasm/renderer_2d.o:(_ZN5shine8graphics10Renderer2D4initEi)
       -      8f5      1a2                 shine::graphics::Renderer2D::init(int)
       -      a97       1c         K:/c++/ShineEngine/Program/smallwasm/build-wasm/renderer_2d.o:(_ZN5shine4wasm7SVectorIfE7reserveEj)
       -      a97       1c                 shine::wasm::SVector<float>::reserve(unsigned int)
       -      ab3       21         K:/c++/ShineEngine/Program/smallwasm/build-wasm/renderer_2d.o:(_ZN5shine8graphics10Renderer2D5beginEv)
       -      ab3       21                 shine::graphics::Renderer2D::begin()
       -      ad4       a3         K:/c++/ShineEngine/Program/smallwasm/build-wasm/renderer_2d.o:(_ZN5shine8graphics10Renderer2D10checkBatchEiiii)
       -      ad4       a3                 shine::graphics::Renderer2D::checkBatch(int, int, int, int)
       -      b77       1f         K:/c++/ShineEngine/Program/smallwasm/build-wasm/renderer_2d.o:(_ZN5shine8graphics10Renderer2D5BatchC2Ev)
       -      b77       1f                 shine::graphics::Renderer2D::Batch::Batch()
       -      b96       5e         K:/c++/ShineEngine/Program/smallwasm/build-wasm/renderer_2d.o:(_ZN5shine4wasm7SVectorINS_8graphics10Renderer2D5BatchEE9push_backERKS4_)
       -      b96       5e                 shine::wasm::SVector<shine::graphics::Renderer2D::Batch>::push_back(shine::graphics::Renderer2D::Batch const&)
       -      bf4       59         K:/c++/ShineEngine/Program/smallwasm/build-wasm/renderer_2d.o:(_ZN5shine8graphics10Renderer2D14RRUniformStateC2Ev)
       -      bf4       59                 shine::graphics::Renderer2D::RRUniformState::RRUniformState()
       -      c4d       23         K:/c++/ShineEngine/Program/smallwasm/build-wasm/renderer_2d.o:(_ZN5shine4wasm7SVectorINS_8graphics10Renderer2D5BatchEE8grow_capEjj)
       -      c4d       23                 shine::wasm::SVector<shine::graphics::Renderer2D::Batch>::grow_cap(unsigned int, unsigned int)
       -      c70       1d         K:/c++/ShineEngine/Program/smallwasm/build-wasm/renderer_2d.o:(_ZN5shine4wasm7SVectorINS_8graphics10Renderer2D5BatchEE7reserveEj)
       -      c70       1d                 shine::wasm::SVector<shine::graphics::Renderer2D::Batch>::reserve(unsigned int)
       -      c8d       4a         K:/c++/ShineEngine/Program/smallwasm/build-wasm/renderer_2d.o:(_ZN5shine4wasmL10raw_memcmpEPKvS2_m)
       -      c8d       4a                 shine::wasm::raw_memcmp(void const*, void const*, unsigned long)
       -      cd7        b         K:/c++/ShineEngine/Program/smallwasm/build-wasm/renderer_2d.o:(_ZN5shine8graphics10Renderer2D3endEv)
       -      cd7        b                 shine::graphics::Renderer2D::end()
       -      ce2      2a2         K:/c++/ShineEngine/Program/smallwasm/build-wasm/renderer_2d.o:(_ZN5shine8graphics10Renderer2D5flushEv)
       -      ce2      2a2                 shine::graphics::Renderer2D::flush()
       -      f84       1f         K:/c++/ShineEngine/Program/smallwasm/build-wasm/renderer_2d.o:(_ZN5shine8graphicsL8cmd_pushEiiiiiiii)
       -      f84       1f                 shine::graphics::cmd_push(int, int, int, int, int, int, int, int)
       -      fa3      16f         K:/c++/ShineEngine/Program/smallwasm/build-wasm/renderer_2d.o:(_ZN5shine8graphics10Renderer2D16updateRRUniformsERKNS1_14RRUniformStateERS2_Rb)
       -      fa3      16f                 shine::graphics::Renderer2D::updateRRUniforms(shine::graphics::Renderer2D::RRUniformState const&, shine::graphics::Renderer2D::RRUniformState&, bool&)
       -     1112       76         K:/c++/ShineEngine/Program/smallwasm/build-wasm/renderer_2d.o:(_ZN5shine8graphics10Renderer2D8allocVtxEiPi)
       -     1112       76                 shine::graphics::Renderer2D::allocVtx(int, int*)
       -     1188       39         K:/c++/ShineEngine/Program/smallwasm/build-wasm/renderer_2d.o:(_ZN5shine4wasm7SVectorIfE20resize_uninitializedEj)
       -     1188       39                 shine::wasm::SVector<float>::resize_uninitialized(unsigned int)
       -     11c1       23         K:/c++/ShineEngine/Program/smallwasm/build-wasm/renderer_2d.o:(_ZN5shine4wasm7SVectorIfE8grow_capEjj)
       -     11c1       23                 shine::wasm::SVector<float>::grow_cap(unsigned int, unsigned int)
       -     11e4      145         K:/c++/ShineEngine/Program/smallwasm/build-wasm/renderer_2d.o:(_ZN5shine8graphics10Renderer2D13drawRectColorEfffffff)
       -     11e4      145                 shine::graphics::Renderer2D::drawRectColor(float, float, float, float, float, float, float)
       -     1329      13b         K:/c++/ShineEngine/Program/smallwasm/build-wasm/renderer_2d.o:(_ZN5shine8graphics10Renderer2D10drawRectUVEiffff)
       -     1329      13b                 shine::graphics::Renderer2D::drawRectUV(int, float, float, float, float)
       -     1464      34b         K:/c++/ShineEngine/Program/smallwasm/build-wasm/renderer_2d.o:(_ZN5shine8graphics10Renderer2D13drawRoundRectEfffffRKNS1_6Color4EiS4_fS4_ffffS4_)
       -     1464      34b                 shine::graphics::Renderer2D::drawRoundRect(float, float, float, float, float, shine::graphics::Renderer2D::Color4 const&, int, shine::graphics::Renderer2D::Color4 const&, float, shine::graphics::Renderer2D::Color4 const&, float, float, float, float, shine::graphics::Renderer2D::Color4 const&)
       -     17af       19         K:/c++/ShineEngine/Program/smallwasm/build-wasm/renderer_2d.o:(ui_draw_rect_uv)
       -     17af       19                 ui_draw_rect_uv
       -     17c8       18         K:/c++/ShineEngine/Program/smallwasm/build-wasm/renderer_2d.o:(_GLOBAL__sub_I_renderer_2d.cpp)
       -     17c8       18                 _GLOBAL__sub_I_renderer_2d.cpp
       -     17e0        9         K:/c++/ShineEngine/Program/smallwasm/build-wasm/texture_manager.o:(_ZN5shine8graphics14TextureManager8instanceEv)
       -     17e0        9                 shine::graphics::TextureManager::instance()
       -     17e9       1e         K:/c++/ShineEngine/Program/smallwasm/build-wasm/texture_manager.o:(_ZN5shine8graphics14TextureManager11request_urlEPKciPiS4_S4_)
       -     17e9       1e                 shine::graphics::TextureManager::request_url(char const*, int, int*, int*, int*)
       -     1807       ab         K:/c++/ShineEngine/Program/smallwasm/build-wasm/texture_manager.o:(_ZN5shine4wasm9TexLoader17request_async_urlEiPKciPiS4_S4_)
       -     1807       ab                 shine::wasm::TexLoader::request_async_url(int, char const*, int, int*, int*, int*)
       -     18b2       3d         K:/c++/ShineEngine/Program/smallwasm/build-wasm/texture_manager.o:(_ZN5shine4wasm9TexLoader15set_wh_from_texEiiPiS2_)
       -     18b2       3d                 shine::wasm::TexLoader::set_wh_from_tex(int, int, int*, int*)
       -     18ef       39         K:/c++/ShineEngine/Program/smallwasm/build-wasm/texture_manager.o:(_ZN5shine4wasm9TexLoader10alloc_slotEv)
       -     18ef       39                 shine::wasm::TexLoader::alloc_slot()
       -     1928       13         K:/c++/ShineEngine/Program/smallwasm/build-wasm/texture_manager.o:(_ZN5shine8graphics14TextureManager9on_loadedEiiii)
       -     1928       13                 shine::graphics::TextureManager::on_loaded(int, int, int, int)
       -     193b       a8         K:/c++/ShineEngine/Program/smallwasm/build-wasm/texture_manager.o:(_ZN5shine4wasm9TexLoader9on_loadedEiiii)
       -     193b       a8                 shine::wasm::TexLoader::on_loaded(int, int, int, int)
       -     19e3        d         K:/c++/ShineEngine/Program/smallwasm/build-wasm/texture_manager.o:(_ZN5shine8graphics14TextureManager9on_failedEi)
       -     19e3        d                 shine::graphics::TextureManager::on_failed(int)
       -     19f0       6f         K:/c++/ShineEngine/Program/smallwasm/build-wasm/texture_manager.o:(_ZN5shine4wasm9TexLoader9on_failedEi)
       -     19f0       6f                 shine::wasm::TexLoader::on_failed(int)
       -     1a5f       10         K:/c++/ShineEngine/Program/smallwasm/build-wasm/ui_manager.o:(__cxx_global_array_dtor)
       -     1a5f       10                 __cxx_global_array_dtor
       -     1a6f       2a         K:/c++/ShineEngine/Program/smallwasm/build-wasm/ui_manager.o:(_ZN5shine4wasm7SVectorIPNS_2ui7ElementEED2Ev)
       -     1a6f       2a                 shine::wasm::SVector<shine::ui::Element*>::~SVector()
       -     1a99        9         K:/c++/ShineEngine/Program/smallwasm/build-wasm/ui_manager.o:(_ZN5shine2ui9UIManager8instanceEv)
       -     1a99        9                 shine::ui::UIManager::instance()
       -     1aa2       73         K:/c++/ShineEngine/Program/smallwasm/build-wasm/ui_manager.o:(_ZN5shine2ui9UIManager3addEPNS0_7ElementE)
       -     1aa2       73                 shine::ui::UIManager::add(shine::ui::Element*)
       -     1b15       53         K:/c++/ShineEngine/Program/smallwasm/build-wasm/ui_manager.o:(_ZN5shine4wasm7SVectorIPNS_2ui7ElementEE9push_backERKS4_)
       -     1b15       53                 shine::wasm::SVector<shine::ui::Element*>::push_back(shine::ui::Element* const&)
       -     1b68       23         K:/c++/ShineEngine/Program/smallwasm/build-wasm/ui_manager.o:(_ZN5shine4wasm7SVectorIPNS_2ui7ElementEE8grow_capEjj)
       -     1b68       23                 shine::wasm::SVector<shine::ui::Element*>::grow_cap(unsigned int, unsigned int)
       -     1b8b       1c         K:/c++/ShineEngine/Program/smallwasm/build-wasm/ui_manager.o:(_ZN5shine4wasm7SVectorIPNS_2ui7ElementEE7reserveEj)
       -     1b8b       1c                 shine::wasm::SVector<shine::ui::Element*>::reserve(unsigned int)
       -     1ba7        a         K:/c++/ShineEngine/Program/smallwasm/build-wasm/ui_manager.o:(_ZN5shine2ui9UIManager5clearEv)
       -     1ba7        a                 shine::ui::UIManager::clear()
       -     1bb1       7c         K:/c++/ShineEngine/Program/smallwasm/build-wasm/ui_manager.o:(_ZN5shine2ui9UIManager8onResizeEii)
       -     1bb1       7c                 shine::ui::UIManager::onResize(int, int)
       -     1c2d       63         K:/c++/ShineEngine/Program/smallwasm/build-wasm/ui_manager.o:(_ZN5shine2ui9UIManager8onRenderEi)
       -     1c2d       63                 shine::ui::UIManager::onRender(int)
       -     1c90       70         K:/c++/ShineEngine/Program/smallwasm/build-wasm/ui_manager.o:(_ZN5shine2ui9UIManager9onPointerEffi)
       -     1c90       70                 shine::ui::UIManager::onPointer(float, float, int)
       -     1d00       18         K:/c++/ShineEngine/Program/smallwasm/build-wasm/ui_manager.o:(_GLOBAL__sub_I_ui_manager.cpp)
       -     1d00       18                 _GLOBAL__sub_I_ui_manager.cpp
       -     1d18        9         K:/c++/ShineEngine/Program/smallwasm/build-wasm/engine.o:(_ZN5shine6engine6Engine8instanceEv)
       -     1d18        9                 shine::engine::Engine::instance()
       -     1d21       7d         K:/c++/ShineEngine/Program/smallwasm/build-wasm/engine.o:(_ZN5shine6engine6Engine4initEi)
       -     1d21       7d                 shine::engine::Engine::init(int)
       -     1d9e       8a         K:/c++/ShineEngine/Program/smallwasm/build-wasm/engine.o:(_ZN5shine6engine6Engine8onResizeEii)
       -     1d9e       8a                 shine::engine::Engine::onResize(int, int)
       -     1e28       fc         K:/c++/ShineEngine/Program/smallwasm/build-wasm/engine.o:(_ZN5shine6engine6Engine5frameEf)
       -     1e28       fc                 shine::engine::Engine::frame(float)
       -     1f24       cc         K:/c++/ShineEngine/Program/smallwasm/build-wasm/engine.o:(_ZN5shine4util10TimerQueue4tickEf)
       -     1f24       cc                 shine::util::TimerQueue::tick(float)
       -     1ff0       1f         K:/c++/ShineEngine/Program/smallwasm/build-wasm/engine.o:(_ZN5shine8graphicsL8cmd_pushEiiiiiiii)
       -     1ff0       1f                 shine::graphics::cmd_push(int, int, int, int, int, int, int, int)
       -     200f       2b         K:/c++/ShineEngine/Program/smallwasm/build-wasm/engine.o:(_ZN5shine6engine6Engine7pointerEffi)
       -     200f       2b                 shine::engine::Engine::pointer(float, float, int)
       -     203a      3d2         K:/c++/ShineEngine/Program/smallwasm/build-wasm/demo_game.o:(_ZN8DemoGame6onInitEv)
       -     203a      3d2                 DemoGame::onInit()
       -     240c       19         K:/c++/ShineEngine/Program/smallwasm/build-wasm/demo_game.o:(_ZL21demo_rc_draw_rect_texPviffff)
       -     240c       19                 demo_rc_draw_rect_tex(void*, int, float, float, float, float)
       -     2425       1d         K:/c++/ShineEngine/Program/smallwasm/build-wasm/demo_game.o:(_ZL21demo_rc_draw_rect_colPvfffffff)
       -     2425       1d                 demo_rc_draw_rect_col(void*, float, float, float, float, float, float, float)
       -     2442       50         K:/c++/ShineEngine/Program/smallwasm/build-wasm/demo_game.o:(_ZN8DemoGame13ensure_bufferEi)
       -     2442       50                 DemoGame::ensure_buffer(int)
       -     2492       68         K:/c++/ShineEngine/Program/smallwasm/build-wasm/demo_game.o:(_ZN8DemoGame16ensure_instancedEi)
       -     2492       68                 DemoGame::ensure_instanced(int)
       -     24fa       1f         K:/c++/ShineEngine/Program/smallwasm/build-wasm/demo_game.o:(_ZN5shine4game4Node12addChildNodeIS1_JRA7_KcEEEPT_DpOT0_)
       -     24fa       1f                 shine::game::Node* shine::game::Node::addChildNode<shine::game::Node, char const (&) [7]>(char const (&) [7])
       -     2519       42         K:/c++/ShineEngine/Program/smallwasm/build-wasm/demo_game.o:(_ZN5shine4game4Node12addComponentINS0_9TransformEJEEEPT_DpOT0_)
       -     2519       42                 shine::game::Transform* shine::game::Node::addComponent<shine::game::Transform>()
       -     255b       42         K:/c++/ShineEngine/Program/smallwasm/build-wasm/demo_game.o:(_ZN5shine4game4Node12addComponentINS0_14SpriteRendererEJEEEPT_DpOT0_)
       -     255b       42                 shine::game::SpriteRenderer* shine::game::Node::addComponent<shine::game::SpriteRenderer>()
       -     259d       37         K:/c++/ShineEngine/Program/smallwasm/build-wasm/demo_game.o:(_ZN10PulseColorC2EPN5shine4game14SpriteRendererE)
       -     259d       37                 PulseColor::PulseColor(shine::game::SpriteRenderer*)
       -     25d4       6b         K:/c++/ShineEngine/Program/smallwasm/build-wasm/demo_game.o:(_ZN5shine4game9Component11attachChildEPS1_)
       -     25d4       6b                 shine::game::Component::attachChild(shine::game::Component*)
       -     263f       2a         K:/c++/ShineEngine/Program/smallwasm/build-wasm/demo_game.o:(_ZN5shine4game4Node12addComponentI11KillOnClickJEEEPT_DpOT0_)
       -     263f       2a                 KillOnClick* shine::game::Node::addComponent<KillOnClick>()
       -     2669       42         K:/c++/ShineEngine/Program/smallwasm/build-wasm/demo_game.o:(_ZN5shine2ui6Button6createEv)
       -     2669       42                 shine::ui::Button::create()
       -     26ab        3         K:/c++/ShineEngine/Program/smallwasm/build-wasm/demo_game.o:(_ZZN8DemoGame6onInitEvEN3$_28__invokeEPN5shine2ui6ButtonE)
       -     26ab        3                 DemoGame::onInit()::$_2::__invoke(shine::ui::Button*)
       -     26ae        3         K:/c++/ShineEngine/Program/smallwasm/build-wasm/demo_game.o:(_ZZN8DemoGame6onInitEvEN3$_18__invokeEPN5shine2ui6ButtonE)
       -     26ae        3                 DemoGame::onInit()::$_1::__invoke(shine::ui::Button*)
       -     26b1        3         K:/c++/ShineEngine/Program/smallwasm/build-wasm/demo_game.o:(_ZZN8DemoGame6onInitEvEN3$_08__invokeEPN5shine2ui6ButtonE)
       -     26b1        3                 DemoGame::onInit()::$_0::__invoke(shine::ui::Button*)
       -     26b4       54         K:/c++/ShineEngine/Program/smallwasm/build-wasm/demo_game.o:(_ZN5shine2ui6Button8setBgUrlEPKc)
       -     26b4       54                 shine::ui::Button::setBgUrl(char const*)
       -     2708       5a         K:/c++/ShineEngine/Program/smallwasm/build-wasm/demo_game.o:(_ZN5shine2ui7Element12setLayoutRelEffffff)
       -     2708       5a                 shine::ui::Element::setLayoutRel(float, float, float, float, float, float)
       -     2762       61         K:/c++/ShineEngine/Program/smallwasm/build-wasm/demo_game.o:(_ZN5shine2ui7Element11setLayoutPxEffffff)
       -     2762       61                 shine::ui::Element::setLayoutPx(float, float, float, float, float, float)
       -     27c3       21         K:/c++/ShineEngine/Program/smallwasm/build-wasm/demo_game.o:(_ZL18demo_on_mode_clickPN5shine2ui6ButtonE)
       -     27c3       21                 demo_on_mode_click(shine::ui::Button*)
       -     27e4       26         K:/c++/ShineEngine/Program/smallwasm/build-wasm/demo_game.o:(_ZN5shine2ui5ImageC2Ev)
       -     27e4       26                 shine::ui::Image::Image()
       -     280a       2b         K:/c++/ShineEngine/Program/smallwasm/build-wasm/demo_game.o:(_ZN5shine4wasm6SArrayIfEC2Ej)
       -     280a       2b                 shine::wasm::SArray<float>::SArray(unsigned int)
       -     2835       2f         K:/c++/ShineEngine/Program/smallwasm/build-wasm/demo_game.o:(_ZN5shine4wasm6SArrayIfEaSEOS2_)
       -     2835       2f                 shine::wasm::SArray<float>::operator=(shine::wasm::SArray<float>&&)
       -     2864       23         K:/c++/ShineEngine/Program/smallwasm/build-wasm/demo_game.o:(_ZN5shine4wasm6SArrayIfED2Ev)
       -     2864       23                 shine::wasm::SArray<float>::~SArray()
       -     2887       36         K:/c++/ShineEngine/Program/smallwasm/build-wasm/demo_game.o:(_ZN5shine4game4NodeC2EPKc)
       -     2887       36                 shine::game::Node::Node(char const*)
       -     28bd       47         K:/c++/ShineEngine/Program/smallwasm/build-wasm/demo_game.o:(_ZN5shine4game4Node11attachChildEPS1_)
       -     28bd       47                 shine::game::Node::attachChild(shine::game::Node*)
       -     2904       30         K:/c++/ShineEngine/Program/smallwasm/build-wasm/demo_game.o:(_ZN5shine4game9TransformC2Ev)
       -     2904       30                 shine::game::Transform::Transform()
       -     2934       68         K:/c++/ShineEngine/Program/smallwasm/build-wasm/demo_game.o:(_ZN5shine4game4Node15attachComponentEPNS0_9ComponentE)
       -     2934       68                 shine::game::Node::attachComponent(shine::game::Component*)
       -     299c       3b         K:/c++/ShineEngine/Program/smallwasm/build-wasm/demo_game.o:(_ZN5shine4game14SpriteRendererC2Ev)
       -     299c       3b                 shine::game::SpriteRenderer::SpriteRenderer()
       -     29d7       53         K:/c++/ShineEngine/Program/smallwasm/build-wasm/demo_game.o:(_ZN5shine4wasm7SVectorIPNS_4game9ComponentEE9push_backERKS4_)
       -     29d7       53                 shine::wasm::SVector<shine::game::Component*>::push_back(shine::game::Component* const&)
       -     2a2a       2f         K:/c++/ShineEngine/Program/smallwasm/build-wasm/demo_game.o:(_ZN5shine4game9ComponentC2EPKc)
       -     2a2a       2f                 shine::game::Component::Component(char const*)
       -     2a59       25         K:/c++/ShineEngine/Program/smallwasm/build-wasm/demo_game.o:(_ZN11KillOnClickC2Ev)
       -     2a59       25                 KillOnClick::KillOnClick()
       -     2a7e       34         K:/c++/ShineEngine/Program/smallwasm/build-wasm/demo_game.o:(_ZN5shine2ui6ButtonC2Ev)
       -     2a7e       34                 shine::ui::Button::Button()
       -     2ab2       65         K:/c++/ShineEngine/Program/smallwasm/build-wasm/demo_game.o:(_ZN5shine2ui7ElementC2Ev)
       -     2ab2       65                 shine::ui::Element::Element()
       -     2b17        3         K:/c++/ShineEngine/Program/smallwasm/build-wasm/demo_game.o:(_ZN8DemoGame8onResizeEii)
       -     2b17        3                 DemoGame::onResize(int, int)
       -     2b1a       1a         K:/c++/ShineEngine/Program/smallwasm/build-wasm/demo_game.o:(_ZN8DemoGame8onUpdateEf)
       -     2b1a       1a                 DemoGame::onUpdate(float)
       -     2b34       9b         K:/c++/ShineEngine/Program/smallwasm/build-wasm/demo_game.o:(_ZN5shine4game4Node6updateEf)
       -     2b34       9b                 shine::game::Node::update(float)
       -     2bcf       98         K:/c++/ShineEngine/Program/smallwasm/build-wasm/demo_game.o:(_ZN5shine4game5Scene14collectGarbageEv)
       -     2bcf       98                 shine::game::Scene::collectGarbage()
       -     2c67       9a         K:/c++/ShineEngine/Program/smallwasm/build-wasm/demo_game.o:(_ZN5shine4game4Node8markTreeEv)
       -     2c67       9a                 shine::game::Node::markTree()
       -     2d01      150         K:/c++/ShineEngine/Program/smallwasm/build-wasm/demo_game.o:(_ZN8DemoGame8onRenderEf)
       -     2d01      150                 DemoGame::onRender(float)
       -     2e51      21c         K:/c++/ShineEngine/Program/smallwasm/build-wasm/demo_game.o:(_ZN8DemoGame15update_verticesEf)
       -     2e51      21c                 DemoGame::update_vertices(float)
       -     306d       1f         K:/c++/ShineEngine/Program/smallwasm/build-wasm/demo_game.o:(_ZN5shine8graphicsL8cmd_pushEiiiiiiii)
       -     306d       1f                 shine::graphics::cmd_push(int, int, int, int, int, int, int, int)
       -     308c       ed         K:/c++/ShineEngine/Program/smallwasm/build-wasm/demo_game.o:(_ZN8DemoGame16update_instancesEf)
       -     308c       ed                 DemoGame::update_instances(float)
       -     3179       a1         K:/c++/ShineEngine/Program/smallwasm/build-wasm/demo_game.o:(_ZN5shine4game4Node10renderTreeERNS0_13RenderContextEf)
       -     3179       a1                 shine::game::Node::renderTree(shine::game::RenderContext&, float)
       -     321a       4e         K:/c++/ShineEngine/Program/smallwasm/build-wasm/demo_game.o:(_ZN8DemoGame9onPointerEffi)
       -     321a       4e                 DemoGame::onPointer(float, float, int)
       -     3268       a3         K:/c++/ShineEngine/Program/smallwasm/build-wasm/demo_game.o:(_ZN5shine4game4Node11pointerTreeEffi)
       -     3268       a3                 shine::game::Node::pointerTree(float, float, int)
       -     330b       28         K:/c++/ShineEngine/Program/smallwasm/build-wasm/demo_game.o:(_ZN5shine4wasm6SArrayIfE5resetEv)
       -     330b       28                 shine::wasm::SArray<float>::reset()
       -     3333       17         K:/c++/ShineEngine/Program/smallwasm/build-wasm/demo_game.o:(on_tex_loaded)
       -     3333       17                 on_tex_loaded
       -     334a       11         K:/c++/ShineEngine/Program/smallwasm/build-wasm/demo_game.o:(on_tex_failed)
       -     334a       11                 on_tex_failed
       -     335b       2b         K:/c++/ShineEngine/Program/smallwasm/build-wasm/demo_game.o:(_Z10CreateGamev)
       -     335b       2b                 CreateGame()
       -     3386       6b         K:/c++/ShineEngine/Program/smallwasm/build-wasm/demo_game.o:(_ZN8DemoGameC2Ev)
       -     3386       6b                 DemoGame::DemoGame()
       -     33f1       11         K:/c++/ShineEngine/Program/smallwasm/build-wasm/demo_game.o:(_ZN5shine4game5SceneC2Ev)
       -     33f1       11                 shine::game::Scene::Scene()
       -     3402       36         K:/c++/ShineEngine/Program/smallwasm/build-wasm/demo_game.o:(_ZN8DemoGameD2Ev)
       -     3402       36                 DemoGame::~DemoGame()
       -     3438      10e         K:/c++/ShineEngine/Program/smallwasm/build-wasm/demo_game.o:(_ZN5shine4game4NodeD2Ev)
       -     3438      10e                 shine::game::Node::~Node()
       -     3546       14         K:/c++/ShineEngine/Program/smallwasm/build-wasm/demo_game.o:(_ZN8DemoGameD0Ev)
       -     3546       14                 DemoGame::~DemoGame()
       -     355a       23         K:/c++/ShineEngine/Program/smallwasm/build-wasm/demo_game.o:(_ZN5shine4wasm7SVectorIPNS_4game9ComponentEE8grow_capEjj)
       -     355a       23                 shine::wasm::SVector<shine::game::Component*>::grow_cap(unsigned int, unsigned int)
       -     357d       1c         K:/c++/ShineEngine/Program/smallwasm/build-wasm/demo_game.o:(_ZN5shine4wasm7SVectorIPNS_4game9ComponentEE7reserveEj)
       -     357d       1c                 shine::wasm::SVector<shine::game::Component*>::reserve(unsigned int)
       -     3599       72         K:/c++/ShineEngine/Program/smallwasm/build-wasm/demo_game.o:(_ZN5shine4game6ObjectC2EPKc)
       -     3599       72                 shine::game::Object::Object(char const*)
       -     360b       13         K:/c++/ShineEngine/Program/smallwasm/build-wasm/demo_game.o:(_ZN10PulseColorD0Ev)
       -     360b       13                 PulseColor::~PulseColor()
       -     361e       d0         K:/c++/ShineEngine/Program/smallwasm/build-wasm/demo_game.o:(_ZN5shine4game9ComponentD2Ev)
       -     361e       d0                 shine::game::Component::~Component()
       -     36ee        5         K:/c++/ShineEngine/Program/smallwasm/build-wasm/demo_game.o:(_ZNK5shine4game9Component4kindEv)
       -     36ee        5                 shine::game::Component::kind() const
       -     36f3       49         K:/c++/ShineEngine/Program/smallwasm/build-wasm/demo_game.o:(_ZNK5shine4game9Component13isOwnedByDeadEv)
       -     36f3       49                 shine::game::Component::isOwnedByDead() const
       -     373c        3         K:/c++/ShineEngine/Program/smallwasm/build-wasm/demo_game.o:(_ZN5shine4game9Component8onAttachEv)
       -     373c        3                 shine::game::Component::onAttach()
       -     373f        3         K:/c++/ShineEngine/Program/smallwasm/build-wasm/demo_game.o:(_ZN5shine4game9Component8onDetachEv)
       -     373f        3                 shine::game::Component::onDetach()
       -     3742       3a         K:/c++/ShineEngine/Program/smallwasm/build-wasm/demo_game.o:(_ZN10PulseColor8onUpdateEf)
       -     3742       3a                 PulseColor::onUpdate(float)
       -     377c        3         K:/c++/ShineEngine/Program/smallwasm/build-wasm/demo_game.o:(_ZN5shine4game9Component8onRenderERNS0_13RenderContextEf)
       -     377c        3                 shine::game::Component::onRender(shine::game::RenderContext&, float)
       -     377f        3         K:/c++/ShineEngine/Program/smallwasm/build-wasm/demo_game.o:(_ZN5shine4game9Component9onPointerEffi)
       -     377f        3                 shine::game::Component::onPointer(float, float, int)
       -     3782       13         K:/c++/ShineEngine/Program/smallwasm/build-wasm/demo_game.o:(_ZN5shine4game9ComponentD0Ev)
       -     3782       13                 shine::game::Component::~Component()
       -     3795        3         K:/c++/ShineEngine/Program/smallwasm/build-wasm/demo_game.o:(_ZN5shine4game9Component8onUpdateEf)
       -     3795        3                 shine::game::Component::onUpdate(float)
       -     3798       18         K:/c++/ShineEngine/Program/smallwasm/build-wasm/demo_game.o:(_ZN5shine4game6ObjectD2Ev)
       -     3798       18                 shine::game::Object::~Object()
       -     37b0       59         K:/c++/ShineEngine/Program/smallwasm/build-wasm/demo_game.o:(_ZN5shine4game6Object9gc_unlinkEv)
       -     37b0       59                 shine::game::Object::gc_unlink()
       -     3809        4         K:/c++/ShineEngine/Program/smallwasm/build-wasm/demo_game.o:(_ZN5shine4game6ObjectD0Ev)
       -     3809        4                 shine::game::Object::~Object()
       -     380d        5         K:/c++/ShineEngine/Program/smallwasm/build-wasm/demo_game.o:(_ZNK5shine4game6Object13isOwnedByDeadEv)
       -     380d        5                 shine::game::Object::isOwnedByDead() const
       -     3812       41         K:/c++/ShineEngine/Program/smallwasm/build-wasm/demo_game.o:(_ZN5shine4game9Component11removeChildEPS1_)
       -     3812       41                 shine::game::Component::removeChild(shine::game::Component*)
       -     3853       5d         K:/c++/ShineEngine/Program/smallwasm/build-wasm/demo_game.o:(_ZN5shine4wasm7SVectorIPNS_4game9ComponentEE21erase_first_unorderedERKS4_)
       -     3853       5d                 shine::wasm::SVector<shine::game::Component*>::erase_first_unordered(shine::game::Component* const&)
       -     38b0       41         K:/c++/ShineEngine/Program/smallwasm/build-wasm/demo_game.o:(_ZN5shine4game4Node15removeComponentEPNS0_9ComponentE)
       -     38b0       41                 shine::game::Node::removeComponent(shine::game::Component*)
       -     38f1       2a         K:/c++/ShineEngine/Program/smallwasm/build-wasm/demo_game.o:(_ZN5shine4wasm7SVectorIPNS_4game9ComponentEED2Ev)
       -     38f1       2a                 shine::wasm::SVector<shine::game::Component*>::~SVector()
       -     391b       55         K:/c++/ShineEngine/Program/smallwasm/build-wasm/demo_game.o:(_ZN5shine4wasm7SVectorIPNS_4game9ComponentEE18erase_unordered_atEj)
       -     391b       55                 shine::wasm::SVector<shine::game::Component*>::erase_unordered_at(unsigned int)
       -     3970        e         K:/c++/ShineEngine/Program/smallwasm/build-wasm/demo_game.o:(_ZN5shine2ui6ButtonD0Ev)
       -     3970        e                 shine::ui::Button::~Button()
       -     397e       3d         K:/c++/ShineEngine/Program/smallwasm/build-wasm/demo_game.o:(_ZN5shine2ui6Button4initEv)
       -     397e       3d                 shine::ui::Button::init()
       -     39bb       5b         K:/c++/ShineEngine/Program/smallwasm/build-wasm/demo_game.o:(_ZNK5shine2ui7Element3hitEff)
       -     39bb       5b                 shine::ui::Element::hit(float, float) const
       -     3a16      128         K:/c++/ShineEngine/Program/smallwasm/build-wasm/demo_game.o:(_ZN5shine2ui6Button7pointerEffi)
       -     3a16      128                 shine::ui::Button::pointer(float, float, int)
       -     3b3e        f         K:/c++/ShineEngine/Program/smallwasm/build-wasm/demo_game.o:(_ZN5shine2ui6Button8onResizeEii)
       -     3b3e        f                 shine::ui::Button::onResize(int, int)
       -     3b4d      12a         K:/c++/ShineEngine/Program/smallwasm/build-wasm/demo_game.o:(_ZN5shine2ui7Element8onResizeEii)
       -     3b4d      12a                 shine::ui::Element::onResize(int, int)
       -     3c77       77         K:/c++/ShineEngine/Program/smallwasm/build-wasm/demo_game.o:(_ZN5shine2ui6Button6renderEi)
       -     3c77       77                 shine::ui::Button::render(int)
       -     3cee        e         K:/c++/ShineEngine/Program/smallwasm/build-wasm/demo_game.o:(_ZN5shine2ui7ElementD0Ev)
       -     3cee        e                 shine::ui::Element::~Element()
       -     3cfc        a         K:/c++/ShineEngine/Program/smallwasm/build-wasm/demo_game.o:(_ZN5shine2ui7Element4initEv)
       -     3cfc        a                 shine::ui::Element::init()
       -     3d06       40         K:/c++/ShineEngine/Program/smallwasm/build-wasm/demo_game.o:(_ZN5shine2ui7Element7pointerEffi)
       -     3d06       40                 shine::ui::Element::pointer(float, float, int)
       -     3d46        3         K:/c++/ShineEngine/Program/smallwasm/build-wasm/demo_game.o:(_ZN5shine2ui7Element6renderEi)
       -     3d46        3                 shine::ui::Element::render(int)
       -     3d49        5         K:/c++/ShineEngine/Program/smallwasm/build-wasm/demo_game.o:(_ZN5shine2ui7ElementD2Ev)
       -     3d49        5                 shine::ui::Element::~Element()
       -     3d4e        e         K:/c++/ShineEngine/Program/smallwasm/build-wasm/demo_game.o:(_ZN5shine2ui5ImageD0Ev)
       -     3d4e        e                 shine::ui::Image::~Image()
       -     3d5c        f         K:/c++/ShineEngine/Program/smallwasm/build-wasm/demo_game.o:(_ZN5shine2ui5Image8onResizeEii)
       -     3d5c        f                 shine::ui::Image::onResize(int, int)
       -     3d6b       30         K:/c++/ShineEngine/Program/smallwasm/build-wasm/demo_game.o:(_ZN5shine2ui5Image6renderEi)
       -     3d6b       30                 shine::ui::Image::render(int)
       -     3d9b       79         K:/c++/ShineEngine/Program/smallwasm/build-wasm/demo_game.o:(_ZN5shine4game9Component6updateEf)
       -     3d9b       79                 shine::game::Component::update(float)
       -     3e14       56         K:/c++/ShineEngine/Program/smallwasm/build-wasm/demo_game.o:(_ZN5shine4game9Component8markTreeEv)
       -     3e14       56                 shine::game::Component::markTree()
       -     3e6a       7f         K:/c++/ShineEngine/Program/smallwasm/build-wasm/demo_game.o:(_ZN5shine4game9Component10renderTreeERNS0_13RenderContextEf)
       -     3e6a       7f                 shine::game::Component::renderTree(shine::game::RenderContext&, float)
       -     3ee9       82         K:/c++/ShineEngine/Program/smallwasm/build-wasm/demo_game.o:(_ZN5shine4game9Component11pointerTreeEffi)
       -     3ee9       82                 shine::game::Component::pointerTree(float, float, int)
       -     3f6b       41         K:/c++/ShineEngine/Program/smallwasm/build-wasm/demo_game.o:(_ZN5shine4game4Node11removeChildEPS1_)
       -     3f6b       41                 shine::game::Node::removeChild(shine::game::Node*)
       -     3fac       2a         K:/c++/ShineEngine/Program/smallwasm/build-wasm/demo_game.o:(_ZN5shine4wasm7SVectorIPNS_4game4NodeEED2Ev)
       -     3fac       2a                 shine::wasm::SVector<shine::game::Node*>::~SVector()
       -     3fd6       13         K:/c++/ShineEngine/Program/smallwasm/build-wasm/demo_game.o:(_ZN5shine4game4NodeD0Ev)
       -     3fd6       13                 shine::game::Node::~Node()
       -     3fe9        5         K:/c++/ShineEngine/Program/smallwasm/build-wasm/demo_game.o:(_ZNK5shine4game4Node4kindEv)
       -     3fe9        5                 shine::game::Node::kind() const
       -     3fee       2c         K:/c++/ShineEngine/Program/smallwasm/build-wasm/demo_game.o:(_ZNK5shine4game4Node13isOwnedByDeadEv)
       -     3fee       2c                 shine::game::Node::isOwnedByDead() const
       -     401a       5d         K:/c++/ShineEngine/Program/smallwasm/build-wasm/demo_game.o:(_ZN5shine4wasm7SVectorIPNS_4game4NodeEE21erase_first_unorderedERKS4_)
       -     401a       5d                 shine::wasm::SVector<shine::game::Node*>::erase_first_unordered(shine::game::Node* const&)
       -     4077       55         K:/c++/ShineEngine/Program/smallwasm/build-wasm/demo_game.o:(_ZN5shine4wasm7SVectorIPNS_4game4NodeEE18erase_unordered_atEj)
       -     4077       55                 shine::wasm::SVector<shine::game::Node*>::erase_unordered_at(unsigned int)
       -     40cc       53         K:/c++/ShineEngine/Program/smallwasm/build-wasm/demo_game.o:(_ZN5shine4wasm7SVectorIPNS_4game4NodeEE9push_backERKS4_)
       -     40cc       53                 shine::wasm::SVector<shine::game::Node*>::push_back(shine::game::Node* const&)
       -     411f       23         K:/c++/ShineEngine/Program/smallwasm/build-wasm/demo_game.o:(_ZN5shine4wasm7SVectorIPNS_4game4NodeEE8grow_capEjj)
       -     411f       23                 shine::wasm::SVector<shine::game::Node*>::grow_cap(unsigned int, unsigned int)
       -     4142       1c         K:/c++/ShineEngine/Program/smallwasm/build-wasm/demo_game.o:(_ZN5shine4wasm7SVectorIPNS_4game4NodeEE7reserveEj)
       -     4142       1c                 shine::wasm::SVector<shine::game::Node*>::reserve(unsigned int)
       -     415e       14         K:/c++/ShineEngine/Program/smallwasm/build-wasm/demo_game.o:(_ZN5shine4game9TransformD0Ev)
       -     415e       14                 shine::game::Transform::~Transform()
       -     4172       14         K:/c++/ShineEngine/Program/smallwasm/build-wasm/demo_game.o:(_ZN5shine4game14SpriteRendererD0Ev)
       -     4172       14                 shine::game::SpriteRenderer::~SpriteRenderer()
       -     4186       d2         K:/c++/ShineEngine/Program/smallwasm/build-wasm/demo_game.o:(_ZN5shine4game14SpriteRenderer8onRenderERNS0_13RenderContextEf)
       -     4186       d2                 shine::game::SpriteRenderer::onRender(shine::game::RenderContext&, float)
       -     4258       53         K:/c++/ShineEngine/Program/smallwasm/build-wasm/demo_game.o:(_ZN5shine4game4Node12getComponentINS0_9TransformEEEPT_v)
       -     4258       53                 shine::game::Transform* shine::game::Node::getComponent<shine::game::Transform>()
       -     42ab       9a         K:/c++/ShineEngine/Program/smallwasm/build-wasm/demo_game.o:(_ZNK5shine4game9Transform7worldXYERfS2_)
       -     42ab       9a                 shine::game::Transform::worldXY(float&, float&) const
       -     4345       13         K:/c++/ShineEngine/Program/smallwasm/build-wasm/demo_game.o:(_ZN11KillOnClickD0Ev)
       -     4345       13                 KillOnClick::~KillOnClick()
       -     4358       af         K:/c++/ShineEngine/Program/smallwasm/build-wasm/demo_game.o:(_ZN11KillOnClick9onPointerEffi)
       -     4358       af                 KillOnClick::onPointer(float, float, int)
       -     4407        9         <internal>:(init.command_export)
       -     4410        b         <internal>:(resize.command_export)
       -     441b        9         <internal>:(frame.command_export)
       -     4424        d         <internal>:(pointer.command_export)
       -     4431        d         <internal>:(gl_create_program_from_source.command_export)
       -     443e        9         <internal>:(malloc.command_export)
       -     4447        9         <internal>:(free.command_export)
       -     4450       10         <internal>:(on_tex_loaded.command_export)
       -     4460        c         <internal>:(on_tex_failed.command_export)
       -     446f      e42 DATA
     400     4470      c3c .rodata
     400     4477       cc         K:/c++/ShineEngine/Program/smallwasm/build-wasm/renderer_2d.o:(.rodata._ZN5shine8graphicsL7kVS_TEXE)
     400     4477       cc                 shine::graphics::kVS_TEX
     4d0     4547       86         K:/c++/ShineEngine/Program/smallwasm/build-wasm/renderer_2d.o:(.rodata._ZN5shine8graphicsL7kFS_TEXE)
     4d0     4547       86                 shine::graphics::kFS_TEX
     560     45d7       cb         K:/c++/ShineEngine/Program/smallwasm/build-wasm/renderer_2d.o:(.rodata._ZN5shine8graphicsL7kVS_COLE)
     560     45d7       cb                 shine::graphics::kVS_COL
     630     46a7       6d         K:/c++/ShineEngine/Program/smallwasm/build-wasm/renderer_2d.o:(.rodata._ZN5shine8graphicsL7kFS_COLE)
     630     46a7       6d                 shine::graphics::kFS_COL
     6a0     4717      487         K:/c++/ShineEngine/Program/smallwasm/build-wasm/renderer_2d.o:(.rodata._ZN5shine8graphicsL6kFS_RRE)
     6a0     4717      487                 shine::graphics::kFS_RR
     b30     4ba7       78         K:/c++/ShineEngine/Program/smallwasm/build-wasm/renderer_2d.o:(.rodata._ZZN5shine8graphics10Renderer2D4initEiE9kUniforms)
     b30     4ba7       78                 shine::graphics::Renderer2D::init(int)::kUniforms
     ba8     4c1f        5         K:/c++/ShineEngine/Program/smallwasm/build-wasm/renderer_2d.o:(.rodata._ZN5shine8graphicsL6kU_TEXE)
     ba8     4c1f        5                 shine::graphics::kU_TEX
     bad     4c24        a         K:/c++/ShineEngine/Program/smallwasm/build-wasm/renderer_2d.o:(.rodata._ZN5shine8graphicsL7kU_VIEWE)
     bad     4c24        a                 shine::graphics::kU_VIEW
     bb7     4c2e        8         K:/c++/ShineEngine/Program/smallwasm/build-wasm/renderer_2d.o:(.rodata._ZN5shine8graphicsL12kU_RR_USETEXE)
     bb7     4c2e        8                 shine::graphics::kU_RR_USETEX
     bbf     4c36        7         K:/c++/ShineEngine/Program/smallwasm/build-wasm/renderer_2d.o:(.rodata._ZN5shine8graphicsL11kU_RR_COLORE)
     bbf     4c36        7                 shine::graphics::kU_RR_COLOR
     bc6     4c3d        5         K:/c++/ShineEngine/Program/smallwasm/build-wasm/renderer_2d.o:(.rodata._ZN5shine8graphicsL9kU_RR_RADE)
     bc6     4c3d        5                 shine::graphics::kU_RR_RAD
     bcb     4c42        9         K:/c++/ShineEngine/Program/smallwasm/build-wasm/renderer_2d.o:(.rodata._ZN5shine8graphicsL13kU_RR_TEXTINTE)
     bcb     4c42        9                 shine::graphics::kU_RR_TEXTINT
     bd4     4c4b        d         K:/c++/ShineEngine/Program/smallwasm/build-wasm/renderer_2d.o:(.rodata._ZN5shine8graphicsL17kU_RR_BORDERCOLORE)
     bd4     4c4b        d                 shine::graphics::kU_RR_BORDERCOLOR
     be1     4c58        8         K:/c++/ShineEngine/Program/smallwasm/build-wasm/renderer_2d.o:(.rodata._ZN5shine8graphicsL12kU_RR_BORDERE)
     be1     4c58        8                 shine::graphics::kU_RR_BORDER
     be9     4c60        d         K:/c++/ShineEngine/Program/smallwasm/build-wasm/renderer_2d.o:(.rodata._ZN5shine8graphicsL17kU_RR_SHADOWCOLORE)
     be9     4c60        d                 shine::graphics::kU_RR_SHADOWCOLOR
     bf6     4c6d        b         K:/c++/ShineEngine/Program/smallwasm/build-wasm/renderer_2d.o:(.rodata._ZN5shine8graphicsL15kU_RR_SHADOWOFFE)
     bf6     4c6d        b                 shine::graphics::kU_RR_SHADOWOFF
     c01     4c78        c         K:/c++/ShineEngine/Program/smallwasm/build-wasm/renderer_2d.o:(.rodata._ZN5shine8graphicsL16kU_RR_SHADOWBLURE)
     c01     4c78        c                 shine::graphics::kU_RR_SHADOWBLUR
     c0d     4c84        e         K:/c++/ShineEngine/Program/smallwasm/build-wasm/renderer_2d.o:(.rodata._ZN5shine8graphicsL18kU_RR_SHADOWSPREADE)
     c0d     4c84        e                 shine::graphics::kU_RR_SHADOWSPREAD
     c1b     4c92        2         K:/c++/ShineEngine/Program/smallwasm/build-wasm/engine.o:(.rodata._ZN5shine6engineL9kCanvasIdE)
     c1b     4c92        2                 shine::engine::kCanvasId
     c20     4c97       87         K:/c++/ShineEngine/Program/smallwasm/build-wasm/demo_game.o:(.rodata._ZL3kVS)
     c20     4c97       87                 kVS
     cb0     4d27       6d         K:/c++/ShineEngine/Program/smallwasm/build-wasm/demo_game.o:(.rodata._ZL3kFS)
     cb0     4d27       6d                 kFS
     d20     4d97       d7         K:/c++/ShineEngine/Program/smallwasm/build-wasm/demo_game.o:(.rodata._ZL8kVS_INST)
     d20     4d97       d7                 kVS_INST
     e00     4e77       78         K:/c++/ShineEngine/Program/smallwasm/build-wasm/demo_game.o:(.rodata._ZZN8DemoGame6onInitEvE1q)
     e00     4e77       78                 DemoGame::onInit()::q
     e78     4eef       27         <internal>:(.rodata)
     ea0     4f17       24         K:/c++/ShineEngine/Program/smallwasm/build-wasm/demo_game.o:(.rodata._ZTV8DemoGame)
     ea0     4f17       24                 vtable for DemoGame
     ec4     4f3b       2c         K:/c++/ShineEngine/Program/smallwasm/build-wasm/demo_game.o:(.rodata._ZTV10PulseColor)
     ec4     4f3b       2c                 vtable for PulseColor
     ef0     4f67       2c         K:/c++/ShineEngine/Program/smallwasm/build-wasm/demo_game.o:(.rodata._ZTVN5shine4game9ComponentE)
     ef0     4f67       2c                 vtable for shine::game::Component
     f1c     4f93       18         K:/c++/ShineEngine/Program/smallwasm/build-wasm/demo_game.o:(.rodata._ZTVN5shine4game6ObjectE)
     f1c     4f93       18                 vtable for shine::game::Object
     f34     4fab       24         K:/c++/ShineEngine/Program/smallwasm/build-wasm/demo_game.o:(.rodata._ZTVN5shine2ui6ButtonE)
     f34     4fab       24                 vtable for shine::ui::Button
     f58     4fcf       24         K:/c++/ShineEngine/Program/smallwasm/build-wasm/demo_game.o:(.rodata._ZTVN5shine2ui7ElementE)
     f58     4fcf       24                 vtable for shine::ui::Element
     f7c     4ff3       24         K:/c++/ShineEngine/Program/smallwasm/build-wasm/demo_game.o:(.rodata._ZTVN5shine2ui5ImageE)
     f7c     4ff3       24                 vtable for shine::ui::Image
     fa0     5017       18         K:/c++/ShineEngine/Program/smallwasm/build-wasm/demo_game.o:(.rodata._ZTVN5shine4game4NodeE)
     fa0     5017       18                 vtable for shine::game::Node
     fb8     502f       2c         K:/c++/ShineEngine/Program/smallwasm/build-wasm/demo_game.o:(.rodata._ZTVN5shine4game9TransformE)
     fb8     502f       2c                 vtable for shine::game::Transform
     fe4     505b       2c         K:/c++/ShineEngine/Program/smallwasm/build-wasm/demo_game.o:(.rodata._ZTVN5shine4game14SpriteRendererE)
     fe4     505b       2c                 vtable for shine::game::SpriteRenderer
    1010     5087       2c         K:/c++/ShineEngine/Program/smallwasm/build-wasm/demo_game.o:(.rodata._ZTV11KillOnClick)
    1010     5087       2c                 vtable for KillOnClick
    103c     50b3      1f4 .data
    103c     50ba      144         K:/c++/ShineEngine/Program/smallwasm/build-wasm/texture_manager.o:(.data._ZN5shine8graphicsL8s_texMgrE)
    103c     50ba      144                 shine::graphics::s_texMgr
    1180     51fe       30         K:/c++/ShineEngine/Program/smallwasm/build-wasm/engine.o:(.data._ZN5shine6engineL17s_engine_instanceE)
    1180     51fe       30                 shine::engine::s_engine_instance
    11b0     522e        4         K:/c++/ShineEngine/Program/smallwasm/build-wasm/demo_game.o:(.data._ZZN5shine4game6Object7next_idEvE1s)
    11b0     522e        4                 shine::game::Object::next_id()::s
    11b4     5232       7c         K:/c++/ShineEngine/Program/smallwasm/build-wasm/demo_game.o:(.data._ZN5shine2ui26DefaultButtonStyleInstanceE)
    11b4     5232       7c                 shine::ui::DefaultButtonStyleInstance
    1230     446f     80c8 .bss
    1230        0        4         K:/c++/ShineEngine/Program/smallwasm/build-wasm/wasm_runtime.o:(.bss._ZL11g_free_list)
    1230        0        4                 g_free_list
    1234        0        4         K:/c++/ShineEngine/Program/smallwasm/build-wasm/wasm_runtime.o:(.bss._ZL13g_alloc_count)
    1234        0        4                 g_alloc_count
    1238        0        4         K:/c++/ShineEngine/Program/smallwasm/build-wasm/wasm_runtime.o:(.bss._ZL10g_heap_ptr)
    1238        0        4                 g_heap_ptr
    123c        0        4         K:/c++/ShineEngine/Program/smallwasm/build-wasm/wasm_runtime.o:(.bss._ZL18g_alloc_fail_count)
    123c        0        4                 g_alloc_fail_count
    1240        0        4         K:/c++/ShineEngine/Program/smallwasm/build-wasm/wasm_runtime.o:(.bss._ZL12g_free_count)
    1240        0        4                 g_free_count
    1244        0        4         K:/c++/ShineEngine/Program/smallwasm/build-wasm/wasm_runtime.o:(.bss.__dso_handle)
    1244        0        4                 __dso_handle
    1248        0        4         K:/c++/ShineEngine/Program/smallwasm/build-wasm/object.o:(.bss._ZN5shine4game6Object9s_gc_headE)
    1248        0        4                 shine::game::Object::s_gc_head
    124c        0     8010         K:/c++/ShineEngine/Program/smallwasm/build-wasm/wasm_command_buffer.o:(.bss._ZN5shine8graphicsL12s_cmd_bufferE)
    124c        0     8010                 shine::graphics::s_cmd_buffer
    925c        0       74         K:/c++/ShineEngine/Program/smallwasm/build-wasm/renderer_2d.o:(.bss._ZN5shine8graphicsL10s_rendererE)
    925c        0       74                 shine::graphics::s_renderer
    92d0        0       14         K:/c++/ShineEngine/Program/smallwasm/build-wasm/ui_manager.o:(.bss._ZN5shine2uiL7s_uiMgrE)
    92d0        0       14                 shine::ui::s_uiMgr
    92e4        0        4         K:/c++/ShineEngine/Program/smallwasm/build-wasm/demo_game.o:(.bss.g_demo_game)
    92e4        0        4                 g_demo_game
    92e8        0        4         K:/c++/ShineEngine/Program/smallwasm/build-wasm/demo_game.o:(.bss._ZZN5shine4game13ComponentTypeI10PulseColorE2idEvE1k)
    92e8        0        4                 shine::game::ComponentType<PulseColor>::id()::k
    92ec        0        4         K:/c++/ShineEngine/Program/smallwasm/build-wasm/demo_game.o:(.bss._ZZN5shine4game13ComponentTypeINS0_9TransformEE2idEvE1k)
    92ec        0        4                 shine::game::ComponentType<shine::game::Transform>::id()::k
    92f0        0        4         K:/c++/ShineEngine/Program/smallwasm/build-wasm/demo_game.o:(.bss._ZZN5shine4game13ComponentTypeINS0_14SpriteRendererEE2idEvE1k)
    92f0        0        4                 shine::game::ComponentType<shine::game::SpriteRenderer>::id()::k
    92f4        0        4         K:/c++/ShineEngine/Program/smallwasm/build-wasm/demo_game.o:(.bss._ZZN5shine4game13ComponentTypeI11KillOnClickE2idEvE1k)
    92f4        0        4                 shine::game::ComponentType<KillOnClick>::id()::k
