    Addr      Off     Size Out     In      Symbol
       -        8       c7 TYPE
       -       cf      384 IMPORT
       -      453       8b FUNCTION
       -      4de        7 TABLE
       -      4e5        5 MEMORY
       -      4ea        a GLOBAL
       0        0        0         __stack_pointer
       -      4f4       7e EXPORT
       -      572       5a ELEM
       -      5cc     5187 CODE
       -      5ce       11         E:\c++\ShineEngine\dev\Program\smallwasm\build-wasm\Debug\output.gl.raw.wasm.lto.gl_ctx.o:(init)
       -      5ce       11                 init
       -      5df       13         E:\c++\ShineEngine\dev\Program\smallwasm\build-wasm\Debug\output.gl.raw.wasm.lto.gl_ctx.o:(resize)
       -      5df       13                 resize
       -      5f2       11         E:\c++\ShineEngine\dev\Program\smallwasm\build-wasm\Debug\output.gl.raw.wasm.lto.gl_ctx.o:(frame)
       -      5f2       11                 frame
       -      603       31         E:\c++\ShineEngine\dev\Program\smallwasm\build-wasm\Debug\output.gl.raw.wasm.lto.gl_ctx.o:(pointer)
       -      603       31                 pointer
       -      634       37         E:\c++\ShineEngine\dev\Program\smallwasm\build-wasm\Debug\output.gl.raw.wasm.lto.gl_api.o:(gl_create_program_from_source)
       -      634       37                 gl_create_program_from_source
       -      66b      17d         E:\c++\ShineEngine\dev\Program\smallwasm\build-wasm\Debug\output.gl.raw.wasm.lto.wasm_runtime.o:(malloc)
       -      66b      17d                 malloc
       -      7e8       3a         E:\c++\ShineEngine\dev\Program\smallwasm\build-wasm\Debug\output.gl.raw.wasm.lto.wasm_runtime.o:(_ZL11size_to_binm.llvm.8560993068380587378)
       -      7e8       3a                 size_to_bin(unsigned long) (.llvm.8560993068380587378)
       -      822       72         E:\c++\ShineEngine\dev\Program\smallwasm\build-wasm\Debug\output.gl.raw.wasm.lto.wasm_runtime.o:(_ZL11remove_freeP11BlockHeader.llvm.8560993068380587378)
       -      822       72                 remove_free(BlockHeader*) (.llvm.8560993068380587378)
       -      894       2f         E:\c++\ShineEngine\dev\Program\smallwasm\build-wasm\Debug\output.gl.raw.wasm.lto.wasm_runtime.o:(_ZL11insert_freeP11BlockHeader.llvm.8560993068380587378)
       -      894       2f                 insert_free(BlockHeader*) (.llvm.8560993068380587378)
       -      8c3       7c         E:\c++\ShineEngine\dev\Program\smallwasm\build-wasm\Debug\output.gl.raw.wasm.lto.wasm_runtime.o:(free)
       -      8c3       7c                 free
       -      93f       15         E:\c++\ShineEngine\dev\Program\smallwasm\build-wasm\Debug\output.gl.raw.wasm.lto.wasm_runtime.o:(_Znwm)
       -      93f       15                 operator new(unsigned long)
       -      954        3         E:\c++\ShineEngine\dev\Program\smallwasm\build-wasm\Debug\output.gl.raw.wasm.lto.wasm_runtime.o:(__cxa_pure_virtual)
       -      954        3                 __cxa_pure_virtual
       -      957       66         E:\c++\ShineEngine\dev\Program\smallwasm\build-wasm\Debug\output.gl.raw.wasm.lto.wasm_runtime.o:(_ZN5shine4wasm11raw_reallocEPvmm)
       -      957       66                 shine::wasm::raw_realloc(void*, unsigned long, unsigned long)
       -      9bd       3d         E:\c++\ShineEngine\dev\Program\smallwasm\build-wasm\Debug\output.gl.raw.wasm.lto.wasm_runtime.o:(_ZN5shine4wasm20svector_reserve_implEPPvPjjjj)
       -      9bd       3d                 shine::wasm::svector_reserve_impl(void**, unsigned int*, unsigned int, unsigned int, unsigned int)
       -      9fa       47         E:\c++\ShineEngine\dev\Program\smallwasm\build-wasm\Debug\output.gl.raw.wasm.lto.wasm_command_buffer.o:(_ZN5shine8graphics13CommandBuffer5resetEv)
       -      9fa       47                 shine::graphics::CommandBuffer::reset()
       -      a41       db         E:\c++\ShineEngine\dev\Program\smallwasm\build-wasm\Debug\output.gl.raw.wasm.lto.wasm_command_buffer.o:(_ZN5shine8graphics13CommandBuffer13getSubmitDataERi)
       -      a41       db                 shine::graphics::CommandBuffer::getSubmitData(int&)
       -      b1c       1c         E:\c++\ShineEngine\dev\Program\smallwasm\build-wasm\Debug\output.gl.raw.wasm.lto.wasm_command_buffer.o:(_ZN5shine4wasm7SVectorIiE7reserveEj)
       -      b1c       1c                 shine::wasm::SVector<int>::reserve(unsigned int)
       -      b38       39         E:\c++\ShineEngine\dev\Program\smallwasm\build-wasm\Debug\output.gl.raw.wasm.lto.wasm_command_buffer.o:(_ZN5shine4wasm7SVectorIiE20resize_uninitializedEj)
       -      b38       39                 shine::wasm::SVector<int>::resize_uninitialized(unsigned int)
       -      b71       2f         E:\c++\ShineEngine\dev\Program\smallwasm\build-wasm\Debug\output.gl.raw.wasm.lto.wasm_command_buffer.o:(_ZN5shine4wasm7SVectorIiE8grow_capEjj)
       -      b71       2f                 shine::wasm::SVector<int>::grow_cap(unsigned int, unsigned int)
       -      ba0      174         E:\c++\ShineEngine\dev\Program\smallwasm\build-wasm\Debug\output.gl.raw.wasm.lto.renderer_2d.o:(_ZN5shine8graphics10Renderer2D4initEi)
       -      ba0      174                 shine::graphics::Renderer2D::init(int)
       -      d14       1c         E:\c++\ShineEngine\dev\Program\smallwasm\build-wasm\Debug\output.gl.raw.wasm.lto.renderer_2d.o:(_ZN5shine4wasm7SVectorIfE7reserveEj)
       -      d14       1c                 shine::wasm::SVector<float>::reserve(unsigned int)
       -      d30       5c         E:\c++\ShineEngine\dev\Program\smallwasm\build-wasm\Debug\output.gl.raw.wasm.lto.renderer_2d.o:(_ZN5shine8graphics10Renderer2D5beginEv)
       -      d30       5c                 shine::graphics::Renderer2D::begin()
       -      d8c       1d         E:\c++\ShineEngine\dev\Program\smallwasm\build-wasm\Debug\output.gl.raw.wasm.lto.renderer_2d.o:(_ZN5shine4wasm7SVectorINS_8graphics10Renderer2D5BatchEE7reserveEj)
       -      d8c       1d                 shine::wasm::SVector<shine::graphics::Renderer2D::Batch>::reserve(unsigned int)
       -      da9       c8         E:\c++\ShineEngine\dev\Program\smallwasm\build-wasm\Debug\output.gl.raw.wasm.lto.renderer_2d.o:(_ZN5shine8graphics10Renderer2D10checkBatchEiiiij)
       -      da9       c8                 shine::graphics::Renderer2D::checkBatch(int, int, int, int, unsigned int)
       -      e71       26         E:\c++\ShineEngine\dev\Program\smallwasm\build-wasm\Debug\output.gl.raw.wasm.lto.renderer_2d.o:(_ZN5shine8graphics10Renderer2D5BatchC2Ev)
       -      e71       26                 shine::graphics::Renderer2D::Batch::Batch()
       -      e97       5e         E:\c++\ShineEngine\dev\Program\smallwasm\build-wasm\Debug\output.gl.raw.wasm.lto.renderer_2d.o:(_ZN5shine4wasm7SVectorINS_8graphics10Renderer2D5BatchEE9push_backERKS4_)
       -      e97       5e                 shine::wasm::SVector<shine::graphics::Renderer2D::Batch>::push_back(shine::graphics::Renderer2D::Batch const&)
       -      ef5       59         E:\c++\ShineEngine\dev\Program\smallwasm\build-wasm\Debug\output.gl.raw.wasm.lto.renderer_2d.o:(_ZN5shine8graphics10Renderer2D14RRUniformStateC2Ev)
       -      ef5       59                 shine::graphics::Renderer2D::RRUniformState::RRUniformState()
       -      f4e       2f         E:\c++\ShineEngine\dev\Program\smallwasm\build-wasm\Debug\output.gl.raw.wasm.lto.renderer_2d.o:(_ZN5shine4wasm7SVectorINS_8graphics10Renderer2D5BatchEE8grow_capEjj)
       -      f4e       2f                 shine::wasm::SVector<shine::graphics::Renderer2D::Batch>::grow_cap(unsigned int, unsigned int)
       -      f7d      cd2         E:\c++\ShineEngine\dev\Program\smallwasm\build-wasm\Debug\output.gl.raw.wasm.lto.renderer_2d.o:(_ZN5shine8graphics10Renderer2D5flushEv)
       -      f7d      cd2                 shine::graphics::Renderer2D::flush()
       -     1c4f       44         E:\c++\ShineEngine\dev\Program\smallwasm\build-wasm\Debug\output.gl.raw.wasm.lto.renderer_2d.o:(_ZZN5shine8graphics10Renderer2D5flushEvENK9BatchLessclERKNS1_5BatchES5_)
       -     1c4f       44                 shine::graphics::Renderer2D::flush()::BatchLess::operator()(shine::graphics::Renderer2D::Batch const&, shine::graphics::Renderer2D::Batch const&) const
       -     1c93       76         E:\c++\ShineEngine\dev\Program\smallwasm\build-wasm\Debug\output.gl.raw.wasm.lto.renderer_2d.o:(_ZN5shine8graphics10Renderer2D8allocVtxEiPi)
       -     1c93       76                 shine::graphics::Renderer2D::allocVtx(int, int*)
       -     1d09       39         E:\c++\ShineEngine\dev\Program\smallwasm\build-wasm\Debug\output.gl.raw.wasm.lto.renderer_2d.o:(_ZN5shine4wasm7SVectorIfE20resize_uninitializedEj)
       -     1d09       39                 shine::wasm::SVector<float>::resize_uninitialized(unsigned int)
       -     1d42       2f         E:\c++\ShineEngine\dev\Program\smallwasm\build-wasm\Debug\output.gl.raw.wasm.lto.renderer_2d.o:(_ZN5shine4wasm7SVectorIfE8grow_capEjj)
       -     1d42       2f                 shine::wasm::SVector<float>::grow_cap(unsigned int, unsigned int)
       -     1d71      147         E:\c++\ShineEngine\dev\Program\smallwasm\build-wasm\Debug\output.gl.raw.wasm.lto.renderer_2d.o:(_ZN5shine8graphics10Renderer2D13drawRectColorEfffffff)
       -     1d71      147                 shine::graphics::Renderer2D::drawRectColor(float, float, float, float, float, float, float)
       -     1eb8      13d         E:\c++\ShineEngine\dev\Program\smallwasm\build-wasm\Debug\output.gl.raw.wasm.lto.renderer_2d.o:(_ZN5shine8graphics10Renderer2D10drawRectUVEiffff)
       -     1eb8      13d                 shine::graphics::Renderer2D::drawRectUV(int, float, float, float, float)
       -     1ff5      147         E:\c++\ShineEngine\dev\Program\smallwasm\build-wasm\Debug\output.gl.raw.wasm.lto.renderer_2d.o:(_ZN5shine8graphics10Renderer2D19drawRectColorSortedEfffffffj)
       -     1ff5      147                 shine::graphics::Renderer2D::drawRectColorSorted(float, float, float, float, float, float, float, unsigned int)
       -     213c      13d         E:\c++\ShineEngine\dev\Program\smallwasm\build-wasm\Debug\output.gl.raw.wasm.lto.renderer_2d.o:(_ZN5shine8graphics10Renderer2D16drawRectUVSortedEiffffj)
       -     213c      13d                 shine::graphics::Renderer2D::drawRectUVSorted(int, float, float, float, float, unsigned int)
       -     2279      32c         E:\c++\ShineEngine\dev\Program\smallwasm\build-wasm\Debug\output.gl.raw.wasm.lto.renderer_2d.o:(_ZN5shine8graphics10Renderer2D13drawRoundRectERKNS_4math4RectERKNS1_14RoundRectStyleE)
       -     2279      32c                 shine::graphics::Renderer2D::drawRoundRect(shine::math::Rect const&, shine::graphics::Renderer2D::RoundRectStyle const&)
       -     25a5       1e         E:\c++\ShineEngine\dev\Program\smallwasm\build-wasm\Debug\output.gl.raw.wasm.lto.texture_manager.o:(_ZN5shine8graphics14TextureManager11request_urlEPKciPiS4_S4_)
       -     25a5       1e                 shine::graphics::TextureManager::request_url(char const*, int, int*, int*, int*)
       -     25c3       ab         E:\c++\ShineEngine\dev\Program\smallwasm\build-wasm\Debug\output.gl.raw.wasm.lto.texture_manager.o:(_ZN5shine4wasm9TexLoader17request_async_urlEiPKciPiS4_S4_)
       -     25c3       ab                 shine::wasm::TexLoader::request_async_url(int, char const*, int, int*, int*, int*)
       -     266e       3d         E:\c++\ShineEngine\dev\Program\smallwasm\build-wasm\Debug\output.gl.raw.wasm.lto.texture_manager.o:(_ZN5shine4wasm9TexLoader15set_wh_from_texEiiPiS2_)
       -     266e       3d                 shine::wasm::TexLoader::set_wh_from_tex(int, int, int*, int*)
       -     26ab       39         E:\c++\ShineEngine\dev\Program\smallwasm\build-wasm\Debug\output.gl.raw.wasm.lto.texture_manager.o:(_ZN5shine4wasm9TexLoader10alloc_slotEv)
       -     26ab       39                 shine::wasm::TexLoader::alloc_slot()
       -     26e4       a8         E:\c++\ShineEngine\dev\Program\smallwasm\build-wasm\Debug\output.gl.raw.wasm.lto.texture_manager.o:(_ZN5shine4wasm9TexLoader9on_loadedEiiii)
       -     26e4       a8                 shine::wasm::TexLoader::on_loaded(int, int, int, int)
       -     278c       6f         E:\c++\ShineEngine\dev\Program\smallwasm\build-wasm\Debug\output.gl.raw.wasm.lto.texture_manager.o:(_ZN5shine4wasm9TexLoader9on_failedEi)
       -     278c       6f                 shine::wasm::TexLoader::on_failed(int)
       -     27fb       19         E:\c++\ShineEngine\dev\Program\smallwasm\build-wasm\Debug\output.gl.raw.wasm.lto.ui_manager.o:(_ZN5shine2ui13ui_mark_dirtyEPNS0_7ElementE)
       -     27fb       19                 shine::ui::ui_mark_dirty(shine::ui::Element*)
       -     2814       8b         E:\c++\ShineEngine\dev\Program\smallwasm\build-wasm\Debug\output.gl.raw.wasm.lto.ui_manager.o:(_ZN5shine2ui9UIManager9markDirtyEPNS0_7ElementE)
       -     2814       8b                 shine::ui::UIManager::markDirty(shine::ui::Element*)
       -     289f       53         E:\c++\ShineEngine\dev\Program\smallwasm\build-wasm\Debug\output.gl.raw.wasm.lto.ui_manager.o:(_ZN5shine4wasm7SVectorIPNS_2ui7ElementEE9push_backERKS4_)
       -     289f       53                 shine::wasm::SVector<shine::ui::Element*>::push_back(shine::ui::Element* const&)
       -     28f2      203         E:\c++\ShineEngine\dev\Program\smallwasm\build-wasm\Debug\output.gl.raw.wasm.lto.ui_manager.o:(_ZN5shine2ui9UIManager14rebuildVisibleEv)
       -     28f2      203                 shine::ui::UIManager::rebuildVisible()
       -     2af5       86         E:\c++\ShineEngine\dev\Program\smallwasm\build-wasm\Debug\output.gl.raw.wasm.lto.ui_manager.o:(_ZN5shine2ui9UIManager11applyResizeEv)
       -     2af5       86                 shine::ui::UIManager::applyResize()
       -     2b7b       1c         E:\c++\ShineEngine\dev\Program\smallwasm\build-wasm\Debug\output.gl.raw.wasm.lto.ui_manager.o:(_ZN5shine4wasm7SVectorIPNS_2ui7ElementEE7reserveEj)
       -     2b7b       1c                 shine::wasm::SVector<shine::ui::Element*>::reserve(unsigned int)
       -     2b97      13f         E:\c++\ShineEngine\dev\Program\smallwasm\build-wasm\Debug\output.gl.raw.wasm.lto.ui_manager.o:(_ZN5shine2ui9UIManager9addToBinsEPNS0_7ElementEffff)
       -     2b97      13f                 shine::ui::UIManager::addToBins(shine::ui::Element*, float, float, float, float)
       -     2cd6       2f         E:\c++\ShineEngine\dev\Program\smallwasm\build-wasm\Debug\output.gl.raw.wasm.lto.ui_manager.o:(_ZN5shine4wasm7SVectorIPNS_2ui7ElementEE8grow_capEjj)
       -     2cd6       2f                 shine::wasm::SVector<shine::ui::Element*>::grow_cap(unsigned int, unsigned int)
       -     2d05       85         E:\c++\ShineEngine\dev\Program\smallwasm\build-wasm\Debug\output.gl.raw.wasm.lto.ui_manager.o:(_ZN5shine4wasm7SVectorIPNS_2ui7ElementEE21erase_first_unorderedERKS4_)
       -     2d05       85                 shine::wasm::SVector<shine::ui::Element*>::erase_first_unordered(shine::ui::Element* const&)
       -     2d8a       7d         E:\c++\ShineEngine\dev\Program\smallwasm\build-wasm\Debug\output.gl.raw.wasm.lto.ui_manager.o:(_ZN5shine2ui9UIManager3addEPNS0_7ElementE)
       -     2d8a       7d                 shine::ui::UIManager::add(shine::ui::Element*)
       -     2e07       48         E:\c++\ShineEngine\dev\Program\smallwasm\build-wasm\Debug\output.gl.raw.wasm.lto.ui_manager.o:(_ZN5shine2ui9UIManager8onResizeEii)
       -     2e07       48                 shine::ui::UIManager::onResize(int, int)
       -     2e4f      40d         E:\c++\ShineEngine\dev\Program\smallwasm\build-wasm\Debug\output.gl.raw.wasm.lto.ui_manager.o:(_ZN5shine2ui9UIManager9onPointerEffi)
       -     2e4f      40d                 shine::ui::UIManager::onPointer(float, float, int)
       -     325c       7c         E:\c++\ShineEngine\dev\Program\smallwasm\build-wasm\Debug\output.gl.raw.wasm.lto.engine.o:(_ZN5shine6engine6Engine4initEi)
       -     325c       7c                 shine::engine::Engine::init(int)
       -     32d8       8a         E:\c++\ShineEngine\dev\Program\smallwasm\build-wasm\Debug\output.gl.raw.wasm.lto.engine.o:(_ZN5shine6engine6Engine8onResizeEii)
       -     32d8       8a                 shine::engine::Engine::onResize(int, int)
       -     3362      2dd         E:\c++\ShineEngine\dev\Program\smallwasm\build-wasm\Debug\output.gl.raw.wasm.lto.engine.o:(_ZN5shine6engine6Engine5frameEf)
       -     3362      2dd                 shine::engine::Engine::frame(float)
       -     363f      5fc         E:\c++\ShineEngine\dev\Program\smallwasm\build-wasm\Debug\output.gl.raw.wasm.lto.demo_game.o:(_ZN8DemoGame6onInitEv)
       -     363f      5fc                 DemoGame::onInit()
       -     3c3b       27         E:\c++\ShineEngine\dev\Program\smallwasm\build-wasm\Debug\output.gl.raw.wasm.lto.demo_game.o:(_ZL24demo_rc_draw_rect_tex_exPviRKN5shine4math4RectEj)
       -     3c3b       27                 demo_rc_draw_rect_tex_ex(void*, int, shine::math::Rect const&, unsigned int)
       -     3c62       34         E:\c++\ShineEngine\dev\Program\smallwasm\build-wasm\Debug\output.gl.raw.wasm.lto.demo_game.o:(_ZL24demo_rc_draw_rect_col_exPvRKN5shine4math4RectERKNS1_6Color4Ej)
       -     3c62       34                 demo_rc_draw_rect_col_ex(void*, shine::math::Rect const&, shine::math::Color4 const&, unsigned int)
       -     3c96       25         E:\c++\ShineEngine\dev\Program\smallwasm\build-wasm\Debug\output.gl.raw.wasm.lto.demo_game.o:(_ZL21demo_rc_draw_rect_texPviRKN5shine4math4RectE)
       -     3c96       25                 demo_rc_draw_rect_tex(void*, int, shine::math::Rect const&)
       -     3cbb       32         E:\c++\ShineEngine\dev\Program\smallwasm\build-wasm\Debug\output.gl.raw.wasm.lto.demo_game.o:(_ZL21demo_rc_draw_rect_colPvRKN5shine4math4RectERKNS1_6Color4E)
       -     3cbb       32                 demo_rc_draw_rect_col(void*, shine::math::Rect const&, shine::math::Color4 const&)
       -     3ced       56         E:\c++\ShineEngine\dev\Program\smallwasm\build-wasm\Debug\output.gl.raw.wasm.lto.demo_game.o:(_ZN5shine4wasm6SArrayIfEaSEOS2_)
       -     3ced       56                 shine::wasm::SArray<float>::operator=(shine::wasm::SArray<float>&&)
       -     3d43       23         E:\c++\ShineEngine\dev\Program\smallwasm\build-wasm\Debug\output.gl.raw.wasm.lto.demo_game.o:(_ZN5shine4wasm6SArrayIfED2Ev)
       -     3d43       23                 shine::wasm::SArray<float>::~SArray()
       -     3d66       69         E:\c++\ShineEngine\dev\Program\smallwasm\build-wasm\Debug\output.gl.raw.wasm.lto.demo_game.o:(_ZN5shine4game4Node12addChildNodeIS1_JRA7_KcEEEPT_DpOT0_)
       -     3d66       69                 shine::game::Node* shine::game::Node::addChildNode<shine::game::Node, char const (&) [7]>(char const (&) [7])
       -     3dcf       99         E:\c++\ShineEngine\dev\Program\smallwasm\build-wasm\Debug\output.gl.raw.wasm.lto.demo_game.o:(_ZN5shine4game4Node12addComponentINS0_9TransformEJEEEPT_DpOT0_)
       -     3dcf       99                 shine::game::Transform* shine::game::Node::addComponent<shine::game::Transform>()
       -     3e68       26         E:\c++\ShineEngine\dev\Program\smallwasm\build-wasm\Debug\output.gl.raw.wasm.lto.demo_game.o:(_ZN5shine4game9Transform9markDirtyEv)
       -     3e68       26                 shine::game::Transform::markDirty()
       -     3e8e       79         E:\c++\ShineEngine\dev\Program\smallwasm\build-wasm\Debug\output.gl.raw.wasm.lto.demo_game.o:(_ZN5shine4game4Node12addComponentINS0_14SpriteRendererEJEEEPT_DpOT0_)
       -     3e8e       79                 shine::game::SpriteRenderer* shine::game::Node::addComponent<shine::game::SpriteRenderer>()
       -     3f07       2b         E:\c++\ShineEngine\dev\Program\smallwasm\build-wasm\Debug\output.gl.raw.wasm.lto.demo_game.o:(_ZN5shine4game9ComponentC2EPKc)
       -     3f07       2b                 shine::game::Component::Component(char const*)
       -     3f32       b2         E:\c++\ShineEngine\dev\Program\smallwasm\build-wasm\Debug\output.gl.raw.wasm.lto.demo_game.o:(_ZN5shine4game4Node15attachComponentEPNS0_9ComponentE)
       -     3f32       b2                 shine::game::Node::attachComponent(shine::game::Component*)
       -     3fe4       6f         E:\c++\ShineEngine\dev\Program\smallwasm\build-wasm\Debug\output.gl.raw.wasm.lto.demo_game.o:(_ZN5shine2ui6Button6createEv)
       -     3fe4       6f                 shine::ui::Button::create()
       -     4053        3         E:\c++\ShineEngine\dev\Program\smallwasm\build-wasm\Debug\output.gl.raw.wasm.lto.demo_game.o:(_ZZN8DemoGame6onInitEvEN3$_28__invokeEPN5shine2ui6ButtonE)
       -     4053        3                 DemoGame::onInit()::$_2::__invoke(shine::ui::Button*)
       -     4056        3         E:\c++\ShineEngine\dev\Program\smallwasm\build-wasm\Debug\output.gl.raw.wasm.lto.demo_game.o:(_ZZN8DemoGame6onInitEvEN3$_18__invokeEPN5shine2ui6ButtonE)
       -     4056        3                 DemoGame::onInit()::$_1::__invoke(shine::ui::Button*)
       -     4059        3         E:\c++\ShineEngine\dev\Program\smallwasm\build-wasm\Debug\output.gl.raw.wasm.lto.demo_game.o:(_ZZN8DemoGame6onInitEvEN3$_08__invokeEPN5shine2ui6ButtonE)
       -     4059        3                 DemoGame::onInit()::$_0::__invoke(shine::ui::Button*)
       -     405c       5a         E:\c++\ShineEngine\dev\Program\smallwasm\build-wasm\Debug\output.gl.raw.wasm.lto.demo_game.o:(_ZN5shine2ui7Element12setLayoutRelEffffff)
       -     405c       5a                 shine::ui::Element::setLayoutRel(float, float, float, float, float, float)
       -     40b6       23         E:\c++\ShineEngine\dev\Program\smallwasm\build-wasm\Debug\output.gl.raw.wasm.lto.demo_game.o:(_ZL18demo_on_mode_clickPN5shine2ui6ButtonE)
       -     40b6       23                 demo_on_mode_click(shine::ui::Button*)
       -     40d9       65         E:\c++\ShineEngine\dev\Program\smallwasm\build-wasm\Debug\output.gl.raw.wasm.lto.demo_game.o:(_ZN5shine2ui7ElementC2Ev)
       -     40d9       65                 shine::ui::Element::Element()
       -     413e       3d         E:\c++\ShineEngine\dev\Program\smallwasm\build-wasm\Debug\output.gl.raw.wasm.lto.demo_game.o:(_ZN5shine4game4NodeC2EPKc)
       -     413e       3d                 shine::game::Node::Node(char const*)
       -     417b       73         E:\c++\ShineEngine\dev\Program\smallwasm\build-wasm\Debug\output.gl.raw.wasm.lto.demo_game.o:(_ZN5shine4wasm7SVectorIPNS_4game4NodeEE9push_backERKS4_)
       -     417b       73                 shine::wasm::SVector<shine::game::Node*>::push_back(shine::game::Node* const&)
       -     41ee       7e         E:\c++\ShineEngine\dev\Program\smallwasm\build-wasm\Debug\output.gl.raw.wasm.lto.demo_game.o:(_ZN5shine4game4Node12getComponentINS0_9TransformEEEPT_v)
       -     41ee       7e                 shine::game::Transform* shine::game::Node::getComponent<shine::game::Transform>()
       -     426c       3d         E:\c++\ShineEngine\dev\Program\smallwasm\build-wasm\Debug\output.gl.raw.wasm.lto.demo_game.o:(_ZN5shine2ui6Button4initEv)
       -     426c       3d                 shine::ui::Button::init()
       -     42a9        3         E:\c++\ShineEngine\dev\Program\smallwasm\build-wasm\Debug\output.gl.raw.wasm.lto.demo_game.o:(_ZN8DemoGame8onResizeEii)
       -     42a9        3                 DemoGame::onResize(int, int)
       -     42ac      2ee         E:\c++\ShineEngine\dev\Program\smallwasm\build-wasm\Debug\output.gl.raw.wasm.lto.demo_game.o:(_ZN8DemoGame8onUpdateEf)
       -     42ac      2ee                 DemoGame::onUpdate(float)
       -     459a       1c         E:\c++\ShineEngine\dev\Program\smallwasm\build-wasm\Debug\output.gl.raw.wasm.lto.demo_game.o:(_ZN5shine4wasm7SVectorIPNS_4game4NodeEE7reserveEj)
       -     459a       1c                 shine::wasm::SVector<shine::game::Node*>::reserve(unsigned int)
       -     45b6       54         E:\c++\ShineEngine\dev\Program\smallwasm\build-wasm\Debug\output.gl.raw.wasm.lto.demo_game.o:(_ZN5shine4game4Node8markTreeEv)
       -     45b6       54                 shine::game::Node::markTree()
       -     460a       c7         E:\c++\ShineEngine\dev\Program\smallwasm\build-wasm\Debug\output.gl.raw.wasm.lto.demo_game.o:(_ZN8DemoGame8onRenderEf)
       -     460a       c7                 DemoGame::onRender(float)
       -     46d1      180         E:\c++\ShineEngine\dev\Program\smallwasm\build-wasm\Debug\output.gl.raw.wasm.lto.demo_game.o:(_ZN8DemoGame9onPointerEffi)
       -     46d1      180                 DemoGame::onPointer(float, float, int)
       -     4851       17         E:\c++\ShineEngine\dev\Program\smallwasm\build-wasm\Debug\output.gl.raw.wasm.lto.demo_game.o:(on_tex_loaded)
       -     4851       17                 on_tex_loaded
       -     4868       11         E:\c++\ShineEngine\dev\Program\smallwasm\build-wasm\Debug\output.gl.raw.wasm.lto.demo_game.o:(on_tex_failed)
       -     4868       11                 on_tex_failed
       -     4879       2b         E:\c++\ShineEngine\dev\Program\smallwasm\build-wasm\Debug\output.gl.raw.wasm.lto.demo_game.o:(_Z10CreateGamev)
       -     4879       2b                 CreateGame()
       -     48a4       a8         E:\c++\ShineEngine\dev\Program\smallwasm\build-wasm\Debug\output.gl.raw.wasm.lto.demo_game.o:(_ZN8DemoGameC2Ev)
       -     48a4       a8                 DemoGame::DemoGame()
       -     494c       49         E:\c++\ShineEngine\dev\Program\smallwasm\build-wasm\Debug\output.gl.raw.wasm.lto.demo_game.o:(_ZN5shine4game5SceneC2Ev)
       -     494c       49                 shine::game::Scene::Scene()
       -     4995       39         E:\c++\ShineEngine\dev\Program\smallwasm\build-wasm\Debug\output.gl.raw.wasm.lto.demo_game.o:(_ZN5shine8renderer14RenderPipelineC2Ev)
       -     4995       39                 shine::renderer::RenderPipeline::RenderPipeline()
       -     49ce       5d         E:\c++\ShineEngine\dev\Program\smallwasm\build-wasm\Debug\output.gl.raw.wasm.lto.demo_game.o:(_ZN8DemoGameD2Ev)
       -     49ce       5d                 DemoGame::~DemoGame()
       -     4a2b       2a         E:\c++\ShineEngine\dev\Program\smallwasm\build-wasm\Debug\output.gl.raw.wasm.lto.demo_game.o:(_ZN5shine4wasm7SVectorIPNS_4game4NodeEED2Ev)
       -     4a2b       2a                 shine::wasm::SVector<shine::game::Node*>::~SVector()
       -     4a55      18c         E:\c++\ShineEngine\dev\Program\smallwasm\build-wasm\Debug\output.gl.raw.wasm.lto.demo_game.o:(_ZN5shine4game4NodeD2Ev)
       -     4a55      18c                 shine::game::Node::~Node()
       -     4be1       11         E:\c++\ShineEngine\dev\Program\smallwasm\build-wasm\Debug\output.gl.raw.wasm.lto.demo_game.o:(_ZN8DemoGameD0Ev)
       -     4be1       11                 DemoGame::~DemoGame()
       -     4bf2       5f         E:\c++\ShineEngine\dev\Program\smallwasm\build-wasm\Debug\output.gl.raw.wasm.lto.demo_game.o:(_ZN5shine4game9Transform17markChildrenDirtyEPNS0_4NodeE)
       -     4bf2       5f                 shine::game::Transform::markChildrenDirty(shine::game::Node*)
       -     4c51        b         E:\c++\ShineEngine\dev\Program\smallwasm\build-wasm\Debug\output.gl.raw.wasm.lto.demo_game.o:(_ZN5shine2ui6ButtonD0Ev)
       -     4c51        b                 shine::ui::Button::~Button()
       -     4c5c       5b         E:\c++\ShineEngine\dev\Program\smallwasm\build-wasm\Debug\output.gl.raw.wasm.lto.demo_game.o:(_ZNK5shine2ui7Element3hitEff)
       -     4c5c       5b                 shine::ui::Element::hit(float, float) const
       -     4cb7      128         E:\c++\ShineEngine\dev\Program\smallwasm\build-wasm\Debug\output.gl.raw.wasm.lto.demo_game.o:(_ZN5shine2ui6Button7pointerEffi)
       -     4cb7      128                 shine::ui::Button::pointer(float, float, int)
       -     4ddf        f         E:\c++\ShineEngine\dev\Program\smallwasm\build-wasm\Debug\output.gl.raw.wasm.lto.demo_game.o:(_ZN5shine2ui6Button8onResizeEii)
       -     4ddf        f                 shine::ui::Button::onResize(int, int)
       -     4dee      14b         E:\c++\ShineEngine\dev\Program\smallwasm\build-wasm\Debug\output.gl.raw.wasm.lto.demo_game.o:(_ZN5shine2ui7Element8onResizeEii)
       -     4dee      14b                 shine::ui::Element::onResize(int, int)
       -     4f39      14d         E:\c++\ShineEngine\dev\Program\smallwasm\build-wasm\Debug\output.gl.raw.wasm.lto.demo_game.o:(_ZN5shine2ui6Button6renderEi)
       -     4f39      14d                 shine::ui::Button::render(int)
       -     5086        b         E:\c++\ShineEngine\dev\Program\smallwasm\build-wasm\Debug\output.gl.raw.wasm.lto.demo_game.o:(_ZN5shine2ui7ElementD0Ev)
       -     5086        b                 shine::ui::Element::~Element()
       -     5091        a         E:\c++\ShineEngine\dev\Program\smallwasm\build-wasm\Debug\output.gl.raw.wasm.lto.demo_game.o:(_ZN5shine2ui7Element4initEv)
       -     5091        a                 shine::ui::Element::init()
       -     509b       40         E:\c++\ShineEngine\dev\Program\smallwasm\build-wasm\Debug\output.gl.raw.wasm.lto.demo_game.o:(_ZN5shine2ui7Element7pointerEffi)
       -     509b       40                 shine::ui::Element::pointer(float, float, int)
       -     50db        3         E:\c++\ShineEngine\dev\Program\smallwasm\build-wasm\Debug\output.gl.raw.wasm.lto.demo_game.o:(_ZN5shine2ui7Element6renderEi)
       -     50db        3                 shine::ui::Element::render(int)
       -     50de        5         E:\c++\ShineEngine\dev\Program\smallwasm\build-wasm\Debug\output.gl.raw.wasm.lto.demo_game.o:(_ZN5shine2ui7ElementD2Ev)
       -     50de        5                 shine::ui::Element::~Element()
       -     50e3        b         E:\c++\ShineEngine\dev\Program\smallwasm\build-wasm\Debug\output.gl.raw.wasm.lto.demo_game.o:(_ZN5shine2ui5ImageD0Ev)
       -     50e3        b                 shine::ui::Image::~Image()
       -     50ee        f         E:\c++\ShineEngine\dev\Program\smallwasm\build-wasm\Debug\output.gl.raw.wasm.lto.demo_game.o:(_ZN5shine2ui5Image8onResizeEii)
       -     50ee        f                 shine::ui::Image::onResize(int, int)
       -     50fd       34         E:\c++\ShineEngine\dev\Program\smallwasm\build-wasm\Debug\output.gl.raw.wasm.lto.demo_game.o:(_ZN5shine2ui5Image6renderEi)
       -     50fd       34                 shine::ui::Image::render(int)
       -     5131       72         E:\c++\ShineEngine\dev\Program\smallwasm\build-wasm\Debug\output.gl.raw.wasm.lto.demo_game.o:(_ZN5shine4game6ObjectC2EPKc)
       -     5131       72                 shine::game::Object::Object(char const*)
       -     51a3       91         E:\c++\ShineEngine\dev\Program\smallwasm\build-wasm\Debug\output.gl.raw.wasm.lto.demo_game.o:(_ZN5shine4game6ObjectD2Ev)
       -     51a3       91                 shine::game::Object::~Object()
       -     5234       11         E:\c++\ShineEngine\dev\Program\smallwasm\build-wasm\Debug\output.gl.raw.wasm.lto.demo_game.o:(_ZN5shine4game4NodeD0Ev)
       -     5234       11                 shine::game::Node::~Node()
       -     5245        5         E:\c++\ShineEngine\dev\Program\smallwasm\build-wasm\Debug\output.gl.raw.wasm.lto.demo_game.o:(_ZNK5shine4game4Node4kindEv)
       -     5245        5                 shine::game::Node::kind() const
       -     524a       2c         E:\c++\ShineEngine\dev\Program\smallwasm\build-wasm\Debug\output.gl.raw.wasm.lto.demo_game.o:(_ZNK5shine4game4Node13isOwnedByDeadEv)
       -     524a       2c                 shine::game::Node::isOwnedByDead() const
       -     5276        4         E:\c++\ShineEngine\dev\Program\smallwasm\build-wasm\Debug\output.gl.raw.wasm.lto.demo_game.o:(_ZN5shine4game6ObjectD0Ev)
       -     5276        4                 shine::game::Object::~Object()
       -     527a        5         E:\c++\ShineEngine\dev\Program\smallwasm\build-wasm\Debug\output.gl.raw.wasm.lto.demo_game.o:(_ZNK5shine4game6Object13isOwnedByDeadEv)
       -     527a        5                 shine::game::Object::isOwnedByDead() const
       -     527f       11         E:\c++\ShineEngine\dev\Program\smallwasm\build-wasm\Debug\output.gl.raw.wasm.lto.demo_game.o:(_ZN5shine4game9TransformD0Ev)
       -     527f       11                 shine::game::Transform::~Transform()
       -     5290        5         E:\c++\ShineEngine\dev\Program\smallwasm\build-wasm\Debug\output.gl.raw.wasm.lto.demo_game.o:(_ZNK5shine4game9Component4kindEv)
       -     5290        5                 shine::game::Component::kind() const
       -     5295       49         E:\c++\ShineEngine\dev\Program\smallwasm\build-wasm\Debug\output.gl.raw.wasm.lto.demo_game.o:(_ZNK5shine4game9Component13isOwnedByDeadEv)
       -     5295       49                 shine::game::Component::isOwnedByDead() const
       -     52de        3         E:\c++\ShineEngine\dev\Program\smallwasm\build-wasm\Debug\output.gl.raw.wasm.lto.demo_game.o:(_ZN5shine4game9Component8onAttachEv)
       -     52de        3                 shine::game::Component::onAttach()
       -     52e1        3         E:\c++\ShineEngine\dev\Program\smallwasm\build-wasm\Debug\output.gl.raw.wasm.lto.demo_game.o:(_ZN5shine4game9Component8onDetachEv)
       -     52e1        3                 shine::game::Component::onDetach()
       -     52e4        3         E:\c++\ShineEngine\dev\Program\smallwasm\build-wasm\Debug\output.gl.raw.wasm.lto.demo_game.o:(_ZN5shine4game9Component8onUpdateEf)
       -     52e4        3                 shine::game::Component::onUpdate(float)
       -     52e7        3         E:\c++\ShineEngine\dev\Program\smallwasm\build-wasm\Debug\output.gl.raw.wasm.lto.demo_game.o:(_ZN5shine4game9Component8onRenderERNS0_13RenderContextEf)
       -     52e7        3                 shine::game::Component::onRender(shine::game::RenderContext&, float)
       -     52ea        3         E:\c++\ShineEngine\dev\Program\smallwasm\build-wasm\Debug\output.gl.raw.wasm.lto.demo_game.o:(_ZN5shine4game9Component9onPointerEffi)
       -     52ea        3                 shine::game::Component::onPointer(float, float, int)
       -     52ed       11         E:\c++\ShineEngine\dev\Program\smallwasm\build-wasm\Debug\output.gl.raw.wasm.lto.demo_game.o:(_ZN5shine4game14SpriteRendererD0Ev)
       -     52ed       11                 shine::game::SpriteRenderer::~SpriteRenderer()
       -     52fe      1f3         E:\c++\ShineEngine\dev\Program\smallwasm\build-wasm\Debug\output.gl.raw.wasm.lto.demo_game.o:(_ZN5shine4game14SpriteRenderer8onRenderERNS0_13RenderContextEf)
       -     52fe      1f3                 shine::game::SpriteRenderer::onRender(shine::game::RenderContext&, float)
       -     54f1      17b         E:\c++\ShineEngine\dev\Program\smallwasm\build-wasm\Debug\output.gl.raw.wasm.lto.demo_game.o:(_ZNK5shine4game9Transform8worldXYZERfS2_S2_)
       -     54f1      17b                 shine::game::Transform::worldXYZ(float&, float&, float&) const
       -     566c       11         E:\c++\ShineEngine\dev\Program\smallwasm\build-wasm\Debug\output.gl.raw.wasm.lto.demo_game.o:(_ZN11KillOnClickD0Ev)
       -     566c       11                 KillOnClick::~KillOnClick()
       -     567d       d2         E:\c++\ShineEngine\dev\Program\smallwasm\build-wasm\Debug\output.gl.raw.wasm.lto.demo_game.o:(_ZN11KillOnClick9onPointerEffi)
       -     567d       d2                 KillOnClick::onPointer(float, float, int)
       -     5753     91c4 DATA
     400     5754      cc0 .rodata
     400     575b       1c         E:\c++\ShineEngine\dev\Program\smallwasm\build-wasm\Debug\output.gl.raw.wasm.lto.wasm_runtime.o:(.rodata._ZL10kBinLimits.llvm.8560993068380587378)
     400     575b       1c                 kBinLimits (.llvm.8560993068380587378)
     420     577b       cc         E:\c++\ShineEngine\dev\Program\smallwasm\build-wasm\Debug\output.gl.raw.wasm.lto.renderer_2d.o:(.rodata._ZN5shine8graphicsL7kVS_TEXE.llvm.12903416052312811861)
     420     577b       cc                 shine::graphics::kVS_TEX (.llvm.12903416052312811861)
     4f0     584b       86         E:\c++\ShineEngine\dev\Program\smallwasm\build-wasm\Debug\output.gl.raw.wasm.lto.renderer_2d.o:(.rodata._ZN5shine8graphicsL7kFS_TEXE.llvm.12903416052312811861)
     4f0     584b       86                 shine::graphics::kFS_TEX (.llvm.12903416052312811861)
     580     58db       cb         E:\c++\ShineEngine\dev\Program\smallwasm\build-wasm\Debug\output.gl.raw.wasm.lto.renderer_2d.o:(.rodata._ZN5shine8graphicsL7kVS_COLE.llvm.12903416052312811861)
     580     58db       cb                 shine::graphics::kVS_COL (.llvm.12903416052312811861)
     650     59ab       6d         E:\c++\ShineEngine\dev\Program\smallwasm\build-wasm\Debug\output.gl.raw.wasm.lto.renderer_2d.o:(.rodata._ZN5shine8graphicsL7kFS_COLE.llvm.12903416052312811861)
     650     59ab       6d                 shine::graphics::kFS_COL (.llvm.12903416052312811861)
     6c0     5a1b      487         E:\c++\ShineEngine\dev\Program\smallwasm\build-wasm\Debug\output.gl.raw.wasm.lto.renderer_2d.o:(.rodata._ZN5shine8graphicsL6kFS_RRE.llvm.12903416052312811861)
     6c0     5a1b      487                 shine::graphics::kFS_RR (.llvm.12903416052312811861)
     b50     5eab       78         E:\c++\ShineEngine\dev\Program\smallwasm\build-wasm\Debug\output.gl.raw.wasm.lto.renderer_2d.o:(.rodata._ZZN5shine8graphics10Renderer2D4initEiE9kUniforms.llvm.12903416052312811861)
     b50     5eab       78                 shine::graphics::Renderer2D::init(int)::kUniforms (.llvm.12903416052312811861)
     bc8     5f23        5         E:\c++\ShineEngine\dev\Program\smallwasm\build-wasm\Debug\output.gl.raw.wasm.lto.renderer_2d.o:(.rodata._ZN5shine8graphicsL6kU_TEXE.llvm.12903416052312811861)
     bc8     5f23        5                 shine::graphics::kU_TEX (.llvm.12903416052312811861)
     bcd     5f28        a         E:\c++\ShineEngine\dev\Program\smallwasm\build-wasm\Debug\output.gl.raw.wasm.lto.renderer_2d.o:(.rodata._ZN5shine8graphicsL7kU_VIEWE.llvm.12903416052312811861)
     bcd     5f28        a                 shine::graphics::kU_VIEW (.llvm.12903416052312811861)
     bd7     5f32        8         E:\c++\ShineEngine\dev\Program\smallwasm\build-wasm\Debug\output.gl.raw.wasm.lto.renderer_2d.o:(.rodata._ZN5shine8graphicsL12kU_RR_USETEXE.llvm.12903416052312811861)
     bd7     5f32        8                 shine::graphics::kU_RR_USETEX (.llvm.12903416052312811861)
     bdf     5f3a        7         E:\c++\ShineEngine\dev\Program\smallwasm\build-wasm\Debug\output.gl.raw.wasm.lto.renderer_2d.o:(.rodata._ZN5shine8graphicsL11kU_RR_COLORE.llvm.12903416052312811861)
     bdf     5f3a        7                 shine::graphics::kU_RR_COLOR (.llvm.12903416052312811861)
     be6     5f41        5         E:\c++\ShineEngine\dev\Program\smallwasm\build-wasm\Debug\output.gl.raw.wasm.lto.renderer_2d.o:(.rodata._ZN5shine8graphicsL9kU_RR_RADE.llvm.12903416052312811861)
     be6     5f41        5                 shine::graphics::kU_RR_RAD (.llvm.12903416052312811861)
     beb     5f46        9         E:\c++\ShineEngine\dev\Program\smallwasm\build-wasm\Debug\output.gl.raw.wasm.lto.renderer_2d.o:(.rodata._ZN5shine8graphicsL13kU_RR_TEXTINTE.llvm.12903416052312811861)
     beb     5f46        9                 shine::graphics::kU_RR_TEXTINT (.llvm.12903416052312811861)
     bf4     5f4f        d         E:\c++\ShineEngine\dev\Program\smallwasm\build-wasm\Debug\output.gl.raw.wasm.lto.renderer_2d.o:(.rodata._ZN5shine8graphicsL17kU_RR_BORDERCOLORE.llvm.12903416052312811861)
     bf4     5f4f        d                 shine::graphics::kU_RR_BORDERCOLOR (.llvm.12903416052312811861)
     c01     5f5c        8         E:\c++\ShineEngine\dev\Program\smallwasm\build-wasm\Debug\output.gl.raw.wasm.lto.renderer_2d.o:(.rodata._ZN5shine8graphicsL12kU_RR_BORDERE.llvm.12903416052312811861)
     c01     5f5c        8                 shine::graphics::kU_RR_BORDER (.llvm.12903416052312811861)
     c09     5f64        d         E:\c++\ShineEngine\dev\Program\smallwasm\build-wasm\Debug\output.gl.raw.wasm.lto.renderer_2d.o:(.rodata._ZN5shine8graphicsL17kU_RR_SHADOWCOLORE.llvm.12903416052312811861)
     c09     5f64        d                 shine::graphics::kU_RR_SHADOWCOLOR (.llvm.12903416052312811861)
     c16     5f71        b         E:\c++\ShineEngine\dev\Program\smallwasm\build-wasm\Debug\output.gl.raw.wasm.lto.renderer_2d.o:(.rodata._ZN5shine8graphicsL15kU_RR_SHADOWOFFE.llvm.12903416052312811861)
     c16     5f71        b                 shine::graphics::kU_RR_SHADOWOFF (.llvm.12903416052312811861)
     c21     5f7c        c         E:\c++\ShineEngine\dev\Program\smallwasm\build-wasm\Debug\output.gl.raw.wasm.lto.renderer_2d.o:(.rodata._ZN5shine8graphicsL16kU_RR_SHADOWBLURE.llvm.12903416052312811861)
     c21     5f7c        c                 shine::graphics::kU_RR_SHADOWBLUR (.llvm.12903416052312811861)
     c2d     5f88        e         E:\c++\ShineEngine\dev\Program\smallwasm\build-wasm\Debug\output.gl.raw.wasm.lto.renderer_2d.o:(.rodata._ZN5shine8graphicsL18kU_RR_SHADOWSPREADE.llvm.12903416052312811861)
     c2d     5f88        e                 shine::graphics::kU_RR_SHADOWSPREAD (.llvm.12903416052312811861)
     c3b     5f96        2         E:\c++\ShineEngine\dev\Program\smallwasm\build-wasm\Debug\output.gl.raw.wasm.lto.engine.o:(.rodata._ZN5shine6engineL9kCanvasIdE.llvm.400997200978829656)
     c3b     5f96        2                 shine::engine::kCanvasId (.llvm.400997200978829656)
     c40     5f9b       87         E:\c++\ShineEngine\dev\Program\smallwasm\build-wasm\Debug\output.gl.raw.wasm.lto.demo_game.o:(.rodata._ZL3kVS)
     c40     5f9b       87                 kVS
     cd0     602b       6d         E:\c++\ShineEngine\dev\Program\smallwasm\build-wasm\Debug\output.gl.raw.wasm.lto.demo_game.o:(.rodata._ZL3kFS)
     cd0     602b       6d                 kFS
     d40     609b       d7         E:\c++\ShineEngine\dev\Program\smallwasm\build-wasm\Debug\output.gl.raw.wasm.lto.demo_game.o:(.rodata._ZL8kVS_INST)
     d40     609b       d7                 kVS_INST
     e20     617b       78         E:\c++\ShineEngine\dev\Program\smallwasm\build-wasm\Debug\output.gl.raw.wasm.lto.demo_game.o:(.rodata._ZZN8DemoGame6onInitEvE1q)
     e20     617b       78                 DemoGame::onInit()::q
     e98     61f3       27         <internal>:(.rodata)
     ec0     621b       40         E:\c++\ShineEngine\dev\Program\smallwasm\build-wasm\Debug\output.gl.raw.wasm.lto.demo_game.o:(.rodata._ZZN8DemoGame8onRenderEfE9kIdentity)
     ec0     621b       40                 DemoGame::onRender(float)::kIdentity
     f00     625b       24         E:\c++\ShineEngine\dev\Program\smallwasm\build-wasm\Debug\output.gl.raw.wasm.lto.demo_game.o:(.rodata._ZTV8DemoGame)
     f00     625b       24                 vtable for DemoGame
     f24     627f       24         E:\c++\ShineEngine\dev\Program\smallwasm\build-wasm\Debug\output.gl.raw.wasm.lto.demo_game.o:(.rodata._ZTVN5shine2ui6ButtonE)
     f24     627f       24                 vtable for shine::ui::Button
     f48     62a3       24         E:\c++\ShineEngine\dev\Program\smallwasm\build-wasm\Debug\output.gl.raw.wasm.lto.demo_game.o:(.rodata._ZTVN5shine2ui7ElementE)
     f48     62a3       24                 vtable for shine::ui::Element
     f6c     62c7       7c         E:\c++\ShineEngine\dev\Program\smallwasm\build-wasm\Debug\output.gl.raw.wasm.lto.demo_game.o:(.rodata._ZN5shine2ui26DefaultButtonStyleInstanceE)
     f6c     62c7       7c                 shine::ui::DefaultButtonStyleInstance
     fe8     6343       24         E:\c++\ShineEngine\dev\Program\smallwasm\build-wasm\Debug\output.gl.raw.wasm.lto.demo_game.o:(.rodata._ZTVN5shine2ui5ImageE)
     fe8     6343       24                 vtable for shine::ui::Image
    100c     6367       18         E:\c++\ShineEngine\dev\Program\smallwasm\build-wasm\Debug\output.gl.raw.wasm.lto.demo_game.o:(.rodata._ZTVN5shine4game4NodeE)
    100c     6367       18                 vtable for shine::game::Node
    1024     637f       18         E:\c++\ShineEngine\dev\Program\smallwasm\build-wasm\Debug\output.gl.raw.wasm.lto.demo_game.o:(.rodata._ZTVN5shine4game6ObjectE)
    1024     637f       18                 vtable for shine::game::Object
    103c     6397       2c         E:\c++\ShineEngine\dev\Program\smallwasm\build-wasm\Debug\output.gl.raw.wasm.lto.demo_game.o:(.rodata._ZTVN5shine4game9TransformE)
    103c     6397       2c                 vtable for shine::game::Transform
    1068     63c3       2c         E:\c++\ShineEngine\dev\Program\smallwasm\build-wasm\Debug\output.gl.raw.wasm.lto.demo_game.o:(.rodata._ZTVN5shine4game14SpriteRendererE)
    1068     63c3       2c                 vtable for shine::game::SpriteRenderer
    1094     63ef       2c         E:\c++\ShineEngine\dev\Program\smallwasm\build-wasm\Debug\output.gl.raw.wasm.lto.demo_game.o:(.rodata._ZTV11KillOnClick)
    1094     63ef       2c                 vtable for KillOnClick
    10c0     641b     84f0 .data
    10c0     6423     8034         E:\c++\ShineEngine\dev\Program\smallwasm\build-wasm\Debug\output.gl.raw.wasm.lto.wasm_command_buffer.o:(.data._ZN5shine8graphics12g_cmd_bufferE)
    10c0     6423     8034                 shine::graphics::g_cmd_buffer
    90f4     e457      144         E:\c++\ShineEngine\dev\Program\smallwasm\build-wasm\Debug\output.gl.raw.wasm.lto.texture_manager.o:(.data._ZN5shine8graphicsL8s_texMgrE.llvm.11021261374549814034)
    90f4     e457      144                 shine::graphics::s_texMgr (.llvm.11021261374549814034)
    9238     e59b      344         E:\c++\ShineEngine\dev\Program\smallwasm\build-wasm\Debug\output.gl.raw.wasm.lto.ui_manager.o:(.data._ZN5shine2uiL7s_uiMgrE.llvm.14029154076705823746)
    9238     e59b      344                 shine::ui::s_uiMgr (.llvm.14029154076705823746)
    957c     e8df       30         E:\c++\ShineEngine\dev\Program\smallwasm\build-wasm\Debug\output.gl.raw.wasm.lto.engine.o:(.data._ZN5shine6engineL17s_engine_instanceE.llvm.400997200978829656)
    957c     e8df       30                 shine::engine::s_engine_instance (.llvm.400997200978829656)
    95ac     e90f        4         E:\c++\ShineEngine\dev\Program\smallwasm\build-wasm\Debug\output.gl.raw.wasm.lto.demo_game.o:(.data._ZZN5shine4game6Object7next_idEvE1s)
    95ac     e90f        4                 shine::game::Object::next_id()::s
    95b0     5753       d0 .bss
    95b0        0        4         E:\c++\ShineEngine\dev\Program\smallwasm\build-wasm\Debug\output.gl.raw.wasm.lto.wasm_runtime.o:(.bss._ZL13g_alloc_count.llvm.8560993068380587378)
    95b0        0        4                 g_alloc_count (.llvm.8560993068380587378)
    95b4        0        4         E:\c++\ShineEngine\dev\Program\smallwasm\build-wasm\Debug\output.gl.raw.wasm.lto.wasm_runtime.o:(.bss._ZL10g_heap_ptr.llvm.8560993068380587378)
    95b4        0        4                 g_heap_ptr (.llvm.8560993068380587378)
    95b8        0        4         E:\c++\ShineEngine\dev\Program\smallwasm\build-wasm\Debug\output.gl.raw.wasm.lto.wasm_runtime.o:(.bss._ZL18g_alloc_fail_count.llvm.8560993068380587378)
    95b8        0        4                 g_alloc_fail_count (.llvm.8560993068380587378)
    95bc        0        4         E:\c++\ShineEngine\dev\Program\smallwasm\build-wasm\Debug\output.gl.raw.wasm.lto.wasm_runtime.o:(.bss._ZL12g_free_count.llvm.8560993068380587378)
    95bc        0        4                 g_free_count (.llvm.8560993068380587378)
    95c0        0       20         E:\c++\ShineEngine\dev\Program\smallwasm\build-wasm\Debug\output.gl.raw.wasm.lto.wasm_runtime.o:(.bss._ZL11g_free_bins.llvm.8560993068380587378)
    95c0        0       20                 g_free_bins (.llvm.8560993068380587378)
    95e0        0        4         E:\c++\ShineEngine\dev\Program\smallwasm\build-wasm\Debug\output.gl.raw.wasm.lto.object.o:(.bss._ZN5shine4game6Object9s_gc_headE)
    95e0        0        4                 shine::game::Object::s_gc_head
    95e4        0        4         E:\c++\ShineEngine\dev\Program\smallwasm\build-wasm\Debug\output.gl.raw.wasm.lto.object.o:(.bss._ZN5shine4game6Object20s_pending_kill_countE)
    95e4        0        4                 shine::game::Object::s_pending_kill_count
    95e8        0       88         E:\c++\ShineEngine\dev\Program\smallwasm\build-wasm\Debug\output.gl.raw.wasm.lto.renderer_2d.o:(.bss._ZN5shine8graphicsL10s_rendererE.llvm.12903416052312811861)
    95e8        0       88                 shine::graphics::s_renderer (.llvm.12903416052312811861)
    9670        0        4         E:\c++\ShineEngine\dev\Program\smallwasm\build-wasm\Debug\output.gl.raw.wasm.lto.demo_game.o:(.bss.g_demo_game)
    9670        0        4                 g_demo_game
    9674        0        4         E:\c++\ShineEngine\dev\Program\smallwasm\build-wasm\Debug\output.gl.raw.wasm.lto.demo_game.o:(.bss._ZZN5shine4game13ComponentTypeINS0_9TransformEE2idEvE1k)
    9674        0        4                 shine::game::ComponentType<shine::game::Transform>::id()::k
    9678        0        4         E:\c++\ShineEngine\dev\Program\smallwasm\build-wasm\Debug\output.gl.raw.wasm.lto.demo_game.o:(.bss._ZZN5shine4game13ComponentTypeINS0_14SpriteRendererEE2idEvE1k)
    9678        0        4                 shine::game::ComponentType<shine::game::SpriteRenderer>::id()::k
    967c        0        4         E:\c++\ShineEngine\dev\Program\smallwasm\build-wasm\Debug\output.gl.raw.wasm.lto.demo_game.o:(.bss._ZZN5shine4game13ComponentTypeI11KillOnClickE2idEvE1k)
    967c        0        4                 shine::game::ComponentType<KillOnClick>::id()::k
