    Addr      Off     Size Out     In      Symbol
       -        8       cf TYPE
       -       d7      377 IMPORT
       -      44e       8c FUNCTION
       -      4da        7 TABLE
       -      4e1        5 MEMORY
       -      4e6        a GLOBAL
       0        0        0         __stack_pointer
       -      4f0       8b EXPORT
       -      57b       5a ELEM
       -      5d5     4476 CODE
       -      5d7       11         E:\c++\ShineEngine\dev\Program\smallwasm\build-wasm\Debug\output.gl.raw.wasm.lto.gl_ctx.o:(init)
       -      5d7       11                 init
       -      5e8       13         E:\c++\ShineEngine\dev\Program\smallwasm\build-wasm\Debug\output.gl.raw.wasm.lto.gl_ctx.o:(resize)
       -      5e8       13                 resize
       -      5fb       11         E:\c++\ShineEngine\dev\Program\smallwasm\build-wasm\Debug\output.gl.raw.wasm.lto.gl_ctx.o:(frame)
       -      5fb       11                 frame
       -      60c       31         E:\c++\ShineEngine\dev\Program\smallwasm\build-wasm\Debug\output.gl.raw.wasm.lto.gl_ctx.o:(pointer)
       -      60c       31                 pointer
       -      63d       37         E:\c++\ShineEngine\dev\Program\smallwasm\build-wasm\Debug\output.gl.raw.wasm.lto.gl_api.o:(gl_create_program_from_source)
       -      63d       37                 gl_create_program_from_source
       -      674      173         E:\c++\ShineEngine\dev\Program\smallwasm\build-wasm\Debug\output.gl.raw.wasm.lto.wasm_runtime.o:(malloc)
       -      674      173                 malloc
       -      7e7       3a         E:\c++\ShineEngine\dev\Program\smallwasm\build-wasm\Debug\output.gl.raw.wasm.lto.wasm_runtime.o:(_ZL11size_to_binm.llvm.11468487331653620872)
       -      7e7       3a                 size_to_bin(unsigned long) (.llvm.11468487331653620872)
       -      821       72         E:\c++\ShineEngine\dev\Program\smallwasm\build-wasm\Debug\output.gl.raw.wasm.lto.wasm_runtime.o:(_ZL11remove_freeP11BlockHeader.llvm.11468487331653620872)
       -      821       72                 remove_free(BlockHeader*) (.llvm.11468487331653620872)
       -      893       2f         E:\c++\ShineEngine\dev\Program\smallwasm\build-wasm\Debug\output.gl.raw.wasm.lto.wasm_runtime.o:(_ZL11insert_freeP11BlockHeader.llvm.11468487331653620872)
       -      893       2f                 insert_free(BlockHeader*) (.llvm.11468487331653620872)
       -      8c2       7c         E:\c++\ShineEngine\dev\Program\smallwasm\build-wasm\Debug\output.gl.raw.wasm.lto.wasm_runtime.o:(free)
       -      8c2       7c                 free
       -      93e       15         E:\c++\ShineEngine\dev\Program\smallwasm\build-wasm\Debug\output.gl.raw.wasm.lto.wasm_runtime.o:(_Znwm)
       -      93e       15                 operator new(unsigned long)
       -      953        3         E:\c++\ShineEngine\dev\Program\smallwasm\build-wasm\Debug\output.gl.raw.wasm.lto.wasm_runtime.o:(__cxa_pure_virtual)
       -      953        3                 __cxa_pure_virtual
       -      956       66         E:\c++\ShineEngine\dev\Program\smallwasm\build-wasm\Debug\output.gl.raw.wasm.lto.wasm_runtime.o:(_ZN5shine4wasm11raw_reallocEPvmm)
       -      956       66                 shine::wasm::raw_realloc(void*, unsigned long, unsigned long)
       -      9bc       3d         E:\c++\ShineEngine\dev\Program\smallwasm\build-wasm\Debug\output.gl.raw.wasm.lto.wasm_runtime.o:(_ZN5shine4wasm20svector_reserve_implEPPvPjjjj)
       -      9bc       3d                 shine::wasm::svector_reserve_impl(void**, unsigned int*, unsigned int, unsigned int, unsigned int)
       -      9f9       46         E:\c++\ShineEngine\dev\Program\smallwasm\build-wasm\Debug\output.gl.raw.wasm.lto.wasm_runtime.o:(_ZN5shine4wasm17svector_grow_implEPPvPjjjj)
       -      9f9       46                 shine::wasm::svector_grow_impl(void**, unsigned int*, unsigned int, unsigned int, unsigned int)
       -      a3f       3f         E:\c++\ShineEngine\dev\Program\smallwasm\build-wasm\Debug\output.gl.raw.wasm.lto.wasm_command_buffer.o:(_ZN5shine8graphics13CommandBuffer5resetEv)
       -      a3f       3f                 shine::graphics::CommandBuffer::reset()
       -      a7e       d2         E:\c++\ShineEngine\dev\Program\smallwasm\build-wasm\Debug\output.gl.raw.wasm.lto.wasm_command_buffer.o:(_ZN5shine8graphics13CommandBuffer13getSubmitDataERi)
       -      a7e       d2                 shine::graphics::CommandBuffer::getSubmitData(int&)
       -      b50       1c         E:\c++\ShineEngine\dev\Program\smallwasm\build-wasm\Debug\output.gl.raw.wasm.lto.wasm_command_buffer.o:(_ZN5shine4wasm7SVectorIiE7reserveEj)
       -      b50       1c                 shine::wasm::SVector<int>::reserve(unsigned int)
       -      b6c       2b         E:\c++\ShineEngine\dev\Program\smallwasm\build-wasm\Debug\output.gl.raw.wasm.lto.wasm_command_buffer.o:(_ZN5shine4wasm7SVectorIiE20resize_uninitializedEj)
       -      b6c       2b                 shine::wasm::SVector<int>::resize_uninitialized(unsigned int)
       -      b97       1c         E:\c++\ShineEngine\dev\Program\smallwasm\build-wasm\Debug\output.gl.raw.wasm.lto.wasm_command_buffer.o:(_ZN5shine4wasm7SVectorIiE8_grow_toEj)
       -      b97       1c                 shine::wasm::SVector<int>::_grow_to(unsigned int)
       -      bb3      1c0         E:\c++\ShineEngine\dev\Program\smallwasm\build-wasm\Debug\output.gl.raw.wasm.lto.renderer_2d.o:(_ZN5shine8graphics10Renderer2D4initEi)
       -      bb3      1c0                 shine::graphics::Renderer2D::init(int)
       -      d73       1c         E:\c++\ShineEngine\dev\Program\smallwasm\build-wasm\Debug\output.gl.raw.wasm.lto.renderer_2d.o:(_ZN5shine4wasm7SVectorIfE7reserveEj)
       -      d73       1c                 shine::wasm::SVector<float>::reserve(unsigned int)
       -      d8f       64         E:\c++\ShineEngine\dev\Program\smallwasm\build-wasm\Debug\output.gl.raw.wasm.lto.renderer_2d.o:(_ZN5shine8graphics10Renderer2D5beginEv)
       -      d8f       64                 shine::graphics::Renderer2D::begin()
       -      df3       1c         E:\c++\ShineEngine\dev\Program\smallwasm\build-wasm\Debug\output.gl.raw.wasm.lto.renderer_2d.o:(_ZN5shine4wasm7SVectorINS_8graphics10Renderer2D5BatchEE7reserveEj)
       -      df3       1c                 shine::wasm::SVector<shine::graphics::Renderer2D::Batch>::reserve(unsigned int)
       -      e0f       a6         E:\c++\ShineEngine\dev\Program\smallwasm\build-wasm\Debug\output.gl.raw.wasm.lto.renderer_2d.o:(_ZN5shine8graphics10Renderer2D8allocVtxEiPi)
       -      e0f       a6                 shine::graphics::Renderer2D::allocVtx(int, int*)
       -      eb5       c0         E:\c++\ShineEngine\dev\Program\smallwasm\build-wasm\Debug\output.gl.raw.wasm.lto.renderer_2d.o:(_ZN5shine8graphics10Renderer2D10checkBatchEiiiij)
       -      eb5       c0                 shine::graphics::Renderer2D::checkBatch(int, int, int, int, unsigned int)
       -      f75       5d         E:\c++\ShineEngine\dev\Program\smallwasm\build-wasm\Debug\output.gl.raw.wasm.lto.renderer_2d.o:(_ZN5shine4wasm7SVectorINS_8graphics10Renderer2D5BatchEE9push_backERKS4_)
       -      f75       5d                 shine::wasm::SVector<shine::graphics::Renderer2D::Batch>::push_back(shine::graphics::Renderer2D::Batch const&)
       -      fd2       1c         E:\c++\ShineEngine\dev\Program\smallwasm\build-wasm\Debug\output.gl.raw.wasm.lto.renderer_2d.o:(_ZN5shine4wasm7SVectorINS_8graphics10Renderer2D5BatchEE8_grow_toEj)
       -      fd2       1c                 shine::wasm::SVector<shine::graphics::Renderer2D::Batch>::_grow_to(unsigned int)
       -      fee      12e         E:\c++\ShineEngine\dev\Program\smallwasm\build-wasm\Debug\output.gl.raw.wasm.lto.renderer_2d.o:(_ZN5shine8graphics10Renderer2D12checkBatchRREiRKNS1_14RRUniformStateEiij)
       -      fee      12e                 shine::graphics::Renderer2D::checkBatchRR(int, shine::graphics::Renderer2D::RRUniformState const&, int, int, unsigned int)
       -     111c      971         E:\c++\ShineEngine\dev\Program\smallwasm\build-wasm\Debug\output.gl.raw.wasm.lto.renderer_2d.o:(_ZN5shine8graphics10Renderer2D5flushEv)
       -     111c      971                 shine::graphics::Renderer2D::flush()
       -     1a8d       64         E:\c++\ShineEngine\dev\Program\smallwasm\build-wasm\Debug\output.gl.raw.wasm.lto.renderer_2d.o:(_ZN5shine8graphics10Renderer2D13drawRectColorEfffffff)
       -     1a8d       64                 shine::graphics::Renderer2D::drawRectColor(float, float, float, float, float, float, float)
       -     1af1       fa         E:\c++\ShineEngine\dev\Program\smallwasm\build-wasm\Debug\output.gl.raw.wasm.lto.renderer_2d.o:(_ZN5shine8graphicsL15writeQuadVtxColEPffffffff.llvm.15707240544315241814)
       -     1af1       fa                 shine::graphics::writeQuadVtxCol(float*, float, float, float, float, float, float, float) (.llvm.15707240544315241814)
       -     1beb       5e         E:\c++\ShineEngine\dev\Program\smallwasm\build-wasm\Debug\output.gl.raw.wasm.lto.renderer_2d.o:(_ZN5shine8graphics10Renderer2D10drawRectUVEiffff)
       -     1beb       5e                 shine::graphics::Renderer2D::drawRectUV(int, float, float, float, float)
       -     1c49       f2         E:\c++\ShineEngine\dev\Program\smallwasm\build-wasm\Debug\output.gl.raw.wasm.lto.renderer_2d.o:(_ZN5shine8graphicsL14writeQuadVtxUVEPfffff.llvm.15707240544315241814)
       -     1c49       f2                 shine::graphics::writeQuadVtxUV(float*, float, float, float, float) (.llvm.15707240544315241814)
       -     1d3b       64         E:\c++\ShineEngine\dev\Program\smallwasm\build-wasm\Debug\output.gl.raw.wasm.lto.renderer_2d.o:(_ZN5shine8graphics10Renderer2D19drawRectColorSortedEfffffffj)
       -     1d3b       64                 shine::graphics::Renderer2D::drawRectColorSorted(float, float, float, float, float, float, float, unsigned int)
       -     1d9f       5e         E:\c++\ShineEngine\dev\Program\smallwasm\build-wasm\Debug\output.gl.raw.wasm.lto.renderer_2d.o:(_ZN5shine8graphics10Renderer2D16drawRectUVSortedEiffffj)
       -     1d9f       5e                 shine::graphics::Renderer2D::drawRectUVSorted(int, float, float, float, float, unsigned int)
       -     1dfd      163         E:\c++\ShineEngine\dev\Program\smallwasm\build-wasm\Debug\output.gl.raw.wasm.lto.renderer_2d.o:(_ZN5shine8graphics10Renderer2D13drawRoundRectERKNS_4math4RectERKNS1_14RoundRectStyleE)
       -     1dfd      163                 shine::graphics::Renderer2D::drawRoundRect(shine::math::Rect const&, shine::graphics::Renderer2D::RoundRectStyle const&)
       -     1f60       1e         E:\c++\ShineEngine\dev\Program\smallwasm\build-wasm\Debug\output.gl.raw.wasm.lto.texture_manager.o:(_ZN5shine8graphics14TextureManager11request_urlEPKciPiS4_S4_)
       -     1f60       1e                 shine::graphics::TextureManager::request_url(char const*, int, int*, int*, int*)
       -     1f7e       ab         E:\c++\ShineEngine\dev\Program\smallwasm\build-wasm\Debug\output.gl.raw.wasm.lto.texture_manager.o:(_ZN5shine4wasm9TexLoader17request_async_urlEiPKciPiS4_S4_)
       -     1f7e       ab                 shine::wasm::TexLoader::request_async_url(int, char const*, int, int*, int*, int*)
       -     2029       3d         E:\c++\ShineEngine\dev\Program\smallwasm\build-wasm\Debug\output.gl.raw.wasm.lto.texture_manager.o:(_ZN5shine4wasm9TexLoader15set_wh_from_texEiiPiS2_)
       -     2029       3d                 shine::wasm::TexLoader::set_wh_from_tex(int, int, int*, int*)
       -     2066       39         E:\c++\ShineEngine\dev\Program\smallwasm\build-wasm\Debug\output.gl.raw.wasm.lto.texture_manager.o:(_ZN5shine4wasm9TexLoader10alloc_slotEv)
       -     2066       39                 shine::wasm::TexLoader::alloc_slot()
       -     209f       a8         E:\c++\ShineEngine\dev\Program\smallwasm\build-wasm\Debug\output.gl.raw.wasm.lto.texture_manager.o:(_ZN5shine4wasm9TexLoader9on_loadedEiiii)
       -     209f       a8                 shine::wasm::TexLoader::on_loaded(int, int, int, int)
       -     2147       6f         E:\c++\ShineEngine\dev\Program\smallwasm\build-wasm\Debug\output.gl.raw.wasm.lto.texture_manager.o:(_ZN5shine4wasm9TexLoader9on_failedEi)
       -     2147       6f                 shine::wasm::TexLoader::on_failed(int)
       -     21b6       19         E:\c++\ShineEngine\dev\Program\smallwasm\build-wasm\Debug\output.gl.raw.wasm.lto.ui_manager.o:(_ZN5shine2ui13ui_mark_dirtyEPNS0_7ElementE)
       -     21b6       19                 shine::ui::ui_mark_dirty(shine::ui::Element*)
       -     21cf       56         E:\c++\ShineEngine\dev\Program\smallwasm\build-wasm\Debug\output.gl.raw.wasm.lto.ui_manager.o:(_ZN5shine2ui9UIManager9markDirtyEPNS0_7ElementE)
       -     21cf       56                 shine::ui::UIManager::markDirty(shine::ui::Element*)
       -     2225       47         E:\c++\ShineEngine\dev\Program\smallwasm\build-wasm\Debug\output.gl.raw.wasm.lto.ui_manager.o:(_ZN5shine4wasm7SVectorIPNS_2ui7ElementEE9push_backERKS4_)
       -     2225       47                 shine::wasm::SVector<shine::ui::Element*>::push_back(shine::ui::Element* const&)
       -     226c       1c         E:\c++\ShineEngine\dev\Program\smallwasm\build-wasm\Debug\output.gl.raw.wasm.lto.ui_manager.o:(_ZN5shine4wasm7SVectorIPNS_2ui7ElementEE8_grow_toEj)
       -     226c       1c                 shine::wasm::SVector<shine::ui::Element*>::_grow_to(unsigned int)
       -     2288       7a         E:\c++\ShineEngine\dev\Program\smallwasm\build-wasm\Debug\output.gl.raw.wasm.lto.ui_manager.o:(_ZN5shine2ui9UIManager3addEPNS0_7ElementE)
       -     2288       7a                 shine::ui::UIManager::add(shine::ui::Element*)
       -     2302       41         E:\c++\ShineEngine\dev\Program\smallwasm\build-wasm\Debug\output.gl.raw.wasm.lto.ui_manager.o:(_ZN5shine2ui9UIManager8onResizeEii)
       -     2302       41                 shine::ui::UIManager::onResize(int, int)
       -     2343       9c         E:\c++\ShineEngine\dev\Program\smallwasm\build-wasm\Debug\output.gl.raw.wasm.lto.ui_manager.o:(_ZN5shine2ui9UIManager14processElementEPNS0_7ElementEff)
       -     2343       9c                 shine::ui::UIManager::processElement(shine::ui::Element*, float, float)
       -     23df      208         E:\c++\ShineEngine\dev\Program\smallwasm\build-wasm\Debug\output.gl.raw.wasm.lto.ui_manager.o:(_ZN5shine2ui9UIManager7rebuildEv)
       -     23df      208                 shine::ui::UIManager::rebuild()
       -     25e7      136         E:\c++\ShineEngine\dev\Program\smallwasm\build-wasm\Debug\output.gl.raw.wasm.lto.ui_manager.o:(_ZN5shine2ui9UIManager9onPointerEffi)
       -     25e7      136                 shine::ui::UIManager::onPointer(float, float, int)
       -     271d       7c         E:\c++\ShineEngine\dev\Program\smallwasm\build-wasm\Debug\output.gl.raw.wasm.lto.engine.o:(_ZN5shine6engine6Engine4initEi)
       -     271d       7c                 shine::engine::Engine::init(int)
       -     2799       8a         E:\c++\ShineEngine\dev\Program\smallwasm\build-wasm\Debug\output.gl.raw.wasm.lto.engine.o:(_ZN5shine6engine6Engine8onResizeEii)
       -     2799       8a                 shine::engine::Engine::onResize(int, int)
       -     2823      2dd         E:\c++\ShineEngine\dev\Program\smallwasm\build-wasm\Debug\output.gl.raw.wasm.lto.engine.o:(_ZN5shine6engine6Engine5frameEf)
       -     2823      2dd                 shine::engine::Engine::frame(float)
       -     2b00       28         E:\c++\ShineEngine\dev\Program\smallwasm\build-wasm\Debug\output.gl.raw.wasm.lto.wasm_compat.o:(my_strlen)
       -     2b00       28                 my_strlen
       -     2b28      19b         E:\c++\ShineEngine\dev\Program\smallwasm\build-wasm\Debug\output.gl.raw.wasm.lto.demo_game.o:(_ZN8DemoGame6onInitEv)
       -     2b28      19b                 DemoGame::onInit()
       -     2cc3       27         E:\c++\ShineEngine\dev\Program\smallwasm\build-wasm\Debug\output.gl.raw.wasm.lto.demo_game.o:(_ZL24demo_rc_draw_rect_tex_exPviRKN5shine4math4RectEj)
       -     2cc3       27                 demo_rc_draw_rect_tex_ex(void*, int, shine::math::Rect const&, unsigned int)
       -     2cea       34         E:\c++\ShineEngine\dev\Program\smallwasm\build-wasm\Debug\output.gl.raw.wasm.lto.demo_game.o:(_ZL24demo_rc_draw_rect_col_exPvRKN5shine4math4RectERKNS1_6Color4Ej)
       -     2cea       34                 demo_rc_draw_rect_col_ex(void*, shine::math::Rect const&, shine::math::Color4 const&, unsigned int)
       -     2d1e       25         E:\c++\ShineEngine\dev\Program\smallwasm\build-wasm\Debug\output.gl.raw.wasm.lto.demo_game.o:(_ZL21demo_rc_draw_rect_texPviRKN5shine4math4RectE)
       -     2d1e       25                 demo_rc_draw_rect_tex(void*, int, shine::math::Rect const&)
       -     2d43       32         E:\c++\ShineEngine\dev\Program\smallwasm\build-wasm\Debug\output.gl.raw.wasm.lto.demo_game.o:(_ZL21demo_rc_draw_rect_colPvRKN5shine4math4RectERKNS1_6Color4E)
       -     2d43       32                 demo_rc_draw_rect_col(void*, shine::math::Rect const&, shine::math::Color4 const&)
       -     2d75      114         E:\c++\ShineEngine\dev\Program\smallwasm\build-wasm\Debug\output.gl.raw.wasm.lto.demo_game.o:(_ZL17demo_init_shadersP8DemoGamei)
       -     2d75      114                 demo_init_shaders(DemoGame*, int)
       -     2e89       56         E:\c++\ShineEngine\dev\Program\smallwasm\build-wasm\Debug\output.gl.raw.wasm.lto.demo_game.o:(_ZN5shine4wasm6SArrayIfEaSEOS2_)
       -     2e89       56                 shine::wasm::SArray<float>::operator=(shine::wasm::SArray<float>&&)
       -     2edf       23         E:\c++\ShineEngine\dev\Program\smallwasm\build-wasm\Debug\output.gl.raw.wasm.lto.demo_game.o:(_ZN5shine4wasm6SArrayIfED2Ev)
       -     2edf       23                 shine::wasm::SArray<float>::~SArray()
       -     2f02      12a         E:\c++\ShineEngine\dev\Program\smallwasm\build-wasm\Debug\output.gl.raw.wasm.lto.demo_game.o:(_ZL15demo_init_sceneP8DemoGamei)
       -     2f02      12a                 demo_init_scene(DemoGame*, int)
       -     302c      24b         E:\c++\ShineEngine\dev\Program\smallwasm\build-wasm\Debug\output.gl.raw.wasm.lto.demo_game.o:(_ZL12demo_init_uiP8DemoGamei)
       -     302c      24b                 demo_init_ui(DemoGame*, int)
       -     3277       1f         E:\c++\ShineEngine\dev\Program\smallwasm\build-wasm\Debug\output.gl.raw.wasm.lto.demo_game.o:(_ZN5shine4game4Node12addChildNodeIS1_JRA7_KcEEEPT_DpOT0_)
       -     3277       1f                 shine::game::Node* shine::game::Node::addChildNode<shine::game::Node, char const (&) [7]>(char const (&) [7])
       -     3296       8e         E:\c++\ShineEngine\dev\Program\smallwasm\build-wasm\Debug\output.gl.raw.wasm.lto.demo_game.o:(_ZN5shine4game4Node12addComponentINS0_9TransformEJEEEPT_DpOT0_)
       -     3296       8e                 shine::game::Transform* shine::game::Node::addComponent<shine::game::Transform>()
       -     3324       26         E:\c++\ShineEngine\dev\Program\smallwasm\build-wasm\Debug\output.gl.raw.wasm.lto.demo_game.o:(_ZN5shine4game9Transform9markDirtyEv)
       -     3324       26                 shine::game::Transform::markDirty()
       -     334a       6e         E:\c++\ShineEngine\dev\Program\smallwasm\build-wasm\Debug\output.gl.raw.wasm.lto.demo_game.o:(_ZN5shine4game4Node12addComponentINS0_14SpriteRendererEJEEEPT_DpOT0_)
       -     334a       6e                 shine::game::SpriteRenderer* shine::game::Node::addComponent<shine::game::SpriteRenderer>()
       -     33b8       2b         E:\c++\ShineEngine\dev\Program\smallwasm\build-wasm\Debug\output.gl.raw.wasm.lto.demo_game.o:(_ZN5shine4game9ComponentC2EPKc)
       -     33b8       2b                 shine::game::Component::Component(char const*)
       -     33e3       82         E:\c++\ShineEngine\dev\Program\smallwasm\build-wasm\Debug\output.gl.raw.wasm.lto.demo_game.o:(_ZN5shine4game4Node15attachComponentEPNS0_9ComponentE)
       -     33e3       82                 shine::game::Node::attachComponent(shine::game::Component*)
       -     3465       63         E:\c++\ShineEngine\dev\Program\smallwasm\build-wasm\Debug\output.gl.raw.wasm.lto.demo_game.o:(_ZN5shine2ui6Button6createEv)
       -     3465       63                 shine::ui::Button::create()
       -     34c8        3         E:\c++\ShineEngine\dev\Program\smallwasm\build-wasm\Debug\output.gl.raw.wasm.lto.demo_game.o:(_ZL19demo_on_btn_unhoverPN5shine2ui6ButtonE)
       -     34c8        3                 demo_on_btn_unhover(shine::ui::Button*)
       -     34cb        3         E:\c++\ShineEngine\dev\Program\smallwasm\build-wasm\Debug\output.gl.raw.wasm.lto.demo_game.o:(_ZL17demo_on_btn_hoverPN5shine2ui6ButtonE)
       -     34cb        3                 demo_on_btn_hover(shine::ui::Button*)
       -     34ce        3         E:\c++\ShineEngine\dev\Program\smallwasm\build-wasm\Debug\output.gl.raw.wasm.lto.demo_game.o:(_ZL17demo_on_btn_clickPN5shine2ui6ButtonE)
       -     34ce        3                 demo_on_btn_click(shine::ui::Button*)
       -     34d1       5a         E:\c++\ShineEngine\dev\Program\smallwasm\build-wasm\Debug\output.gl.raw.wasm.lto.demo_game.o:(_ZN5shine2ui7Element12setLayoutRelEffffff)
       -     34d1       5a                 shine::ui::Element::setLayoutRel(float, float, float, float, float, float)
       -     352b       23         E:\c++\ShineEngine\dev\Program\smallwasm\build-wasm\Debug\output.gl.raw.wasm.lto.demo_game.o:(_ZL18demo_on_mode_clickPN5shine2ui6ButtonE)
       -     352b       23                 demo_on_mode_click(shine::ui::Button*)
       -     354e       65         E:\c++\ShineEngine\dev\Program\smallwasm\build-wasm\Debug\output.gl.raw.wasm.lto.demo_game.o:(_ZN5shine2ui7ElementC2Ev)
       -     354e       65                 shine::ui::Element::Element()
       -     35b3        3         E:\c++\ShineEngine\dev\Program\smallwasm\build-wasm\Debug\output.gl.raw.wasm.lto.demo_game.o:(_ZN8DemoGame8onResizeEii)
       -     35b3        3                 DemoGame::onResize(int, int)
       -     35b6      1b9         E:\c++\ShineEngine\dev\Program\smallwasm\build-wasm\Debug\output.gl.raw.wasm.lto.demo_game.o:(_ZN8DemoGame8onUpdateEf)
       -     35b6      1b9                 DemoGame::onUpdate(float)
       -     376f       b5         E:\c++\ShineEngine\dev\Program\smallwasm\build-wasm\Debug\output.gl.raw.wasm.lto.demo_game.o:(_ZN5shine4game4Node6updateEf)
       -     376f       b5                 shine::game::Node::update(float)
       -     3824       54         E:\c++\ShineEngine\dev\Program\smallwasm\build-wasm\Debug\output.gl.raw.wasm.lto.demo_game.o:(_ZN5shine4game4Node8markTreeEv)
       -     3824       54                 shine::game::Node::markTree()
       -     3878       c7         E:\c++\ShineEngine\dev\Program\smallwasm\build-wasm\Debug\output.gl.raw.wasm.lto.demo_game.o:(_ZN8DemoGame8onRenderEf)
       -     3878       c7                 DemoGame::onRender(float)
       -     393f       46         E:\c++\ShineEngine\dev\Program\smallwasm\build-wasm\Debug\output.gl.raw.wasm.lto.demo_game.o:(_ZN8DemoGame9onPointerEffi)
       -     393f       46                 DemoGame::onPointer(float, float, int)
       -     3985       bd         E:\c++\ShineEngine\dev\Program\smallwasm\build-wasm\Debug\output.gl.raw.wasm.lto.demo_game.o:(_ZN5shine4game4Node11pointerTreeEffi)
       -     3985       bd                 shine::game::Node::pointerTree(float, float, int)
       -     3a42       17         E:\c++\ShineEngine\dev\Program\smallwasm\build-wasm\Debug\output.gl.raw.wasm.lto.demo_game.o:(on_tex_loaded)
       -     3a42       17                 on_tex_loaded
       -     3a59       11         E:\c++\ShineEngine\dev\Program\smallwasm\build-wasm\Debug\output.gl.raw.wasm.lto.demo_game.o:(on_tex_failed)
       -     3a59       11                 on_tex_failed
       -     3a6a       20         E:\c++\ShineEngine\dev\Program\smallwasm\build-wasm\Debug\output.gl.raw.wasm.lto.demo_game.o:(_Z10CreateGamev)
       -     3a6a       20                 CreateGame()
       -     3a8a       a5         E:\c++\ShineEngine\dev\Program\smallwasm\build-wasm\Debug\output.gl.raw.wasm.lto.demo_game.o:(_ZN8DemoGameC2Ev)
       -     3a8a       a5                 DemoGame::DemoGame()
       -     3b2f       2d         E:\c++\ShineEngine\dev\Program\smallwasm\build-wasm\Debug\output.gl.raw.wasm.lto.demo_game.o:(_ZN5shine4game5SceneC2Ev)
       -     3b2f       2d                 shine::game::Scene::Scene()
       -     3b5c       39         E:\c++\ShineEngine\dev\Program\smallwasm\build-wasm\Debug\output.gl.raw.wasm.lto.demo_game.o:(_ZN5shine8renderer14RenderPipelineC2Ev)
       -     3b5c       39                 shine::renderer::RenderPipeline::RenderPipeline()
       -     3b95       36         E:\c++\ShineEngine\dev\Program\smallwasm\build-wasm\Debug\output.gl.raw.wasm.lto.demo_game.o:(_ZN8DemoGameD2Ev)
       -     3b95       36                 DemoGame::~DemoGame()
       -     3bcb      134         E:\c++\ShineEngine\dev\Program\smallwasm\build-wasm\Debug\output.gl.raw.wasm.lto.demo_game.o:(_ZN5shine4game4NodeD2Ev)
       -     3bcb      134                 shine::game::Node::~Node()
       -     3cff       11         E:\c++\ShineEngine\dev\Program\smallwasm\build-wasm\Debug\output.gl.raw.wasm.lto.demo_game.o:(_ZN8DemoGameD0Ev)
       -     3cff       11                 DemoGame::~DemoGame()
       -     3d10       3d         E:\c++\ShineEngine\dev\Program\smallwasm\build-wasm\Debug\output.gl.raw.wasm.lto.demo_game.o:(_ZN5shine4game4NodeC2EPKc)
       -     3d10       3d                 shine::game::Node::Node(char const*)
       -     3d4d       6f         E:\c++\ShineEngine\dev\Program\smallwasm\build-wasm\Debug\output.gl.raw.wasm.lto.demo_game.o:(_ZN5shine4game4Node11attachChildEPS1_)
       -     3d4d       6f                 shine::game::Node::attachChild(shine::game::Node*)
       -     3dbc       72         E:\c++\ShineEngine\dev\Program\smallwasm\build-wasm\Debug\output.gl.raw.wasm.lto.demo_game.o:(_ZN5shine4game6ObjectC2EPKc)
       -     3dbc       72                 shine::game::Object::Object(char const*)
       -     3e2e       7e         E:\c++\ShineEngine\dev\Program\smallwasm\build-wasm\Debug\output.gl.raw.wasm.lto.demo_game.o:(_ZN5shine4game4Node12getComponentINS0_9TransformEEEPT_v)
       -     3e2e       7e                 shine::game::Transform* shine::game::Node::getComponent<shine::game::Transform>()
       -     3eac       7c         E:\c++\ShineEngine\dev\Program\smallwasm\build-wasm\Debug\output.gl.raw.wasm.lto.demo_game.o:(_ZN5shine4game4Node11removeChildEPS1_)
       -     3eac       7c                 shine::game::Node::removeChild(shine::game::Node*)
       -     3f28       91         E:\c++\ShineEngine\dev\Program\smallwasm\build-wasm\Debug\output.gl.raw.wasm.lto.demo_game.o:(_ZN5shine4game6ObjectD2Ev)
       -     3f28       91                 shine::game::Object::~Object()
       -     3fb9       11         E:\c++\ShineEngine\dev\Program\smallwasm\build-wasm\Debug\output.gl.raw.wasm.lto.demo_game.o:(_ZN5shine4game4NodeD0Ev)
       -     3fb9       11                 shine::game::Node::~Node()
       -     3fca        5         E:\c++\ShineEngine\dev\Program\smallwasm\build-wasm\Debug\output.gl.raw.wasm.lto.demo_game.o:(_ZNK5shine4game4Node4kindEv)
       -     3fca        5                 shine::game::Node::kind() const
       -     3fcf       2c         E:\c++\ShineEngine\dev\Program\smallwasm\build-wasm\Debug\output.gl.raw.wasm.lto.demo_game.o:(_ZNK5shine4game4Node13isOwnedByDeadEv)
       -     3fcf       2c                 shine::game::Node::isOwnedByDead() const
       -     3ffb        4         E:\c++\ShineEngine\dev\Program\smallwasm\build-wasm\Debug\output.gl.raw.wasm.lto.demo_game.o:(_ZN5shine4game6ObjectD0Ev)
       -     3ffb        4                 shine::game::Object::~Object()
       -     3fff        5         E:\c++\ShineEngine\dev\Program\smallwasm\build-wasm\Debug\output.gl.raw.wasm.lto.demo_game.o:(_ZNK5shine4game6Object13isOwnedByDeadEv)
       -     3fff        5                 shine::game::Object::isOwnedByDead() const
       -     4004       5f         E:\c++\ShineEngine\dev\Program\smallwasm\build-wasm\Debug\output.gl.raw.wasm.lto.demo_game.o:(_ZN5shine4game9Transform17markChildrenDirtyEPNS0_4NodeE)
       -     4004       5f                 shine::game::Transform::markChildrenDirty(shine::game::Node*)
       -     4063       11         E:\c++\ShineEngine\dev\Program\smallwasm\build-wasm\Debug\output.gl.raw.wasm.lto.demo_game.o:(_ZN5shine4game9TransformD0Ev)
       -     4063       11                 shine::game::Transform::~Transform()
       -     4074        5         E:\c++\ShineEngine\dev\Program\smallwasm\build-wasm\Debug\output.gl.raw.wasm.lto.demo_game.o:(_ZNK5shine4game9Component4kindEv)
       -     4074        5                 shine::game::Component::kind() const
       -     4079       49         E:\c++\ShineEngine\dev\Program\smallwasm\build-wasm\Debug\output.gl.raw.wasm.lto.demo_game.o:(_ZNK5shine4game9Component13isOwnedByDeadEv)
       -     4079       49                 shine::game::Component::isOwnedByDead() const
       -     40c2        3         E:\c++\ShineEngine\dev\Program\smallwasm\build-wasm\Debug\output.gl.raw.wasm.lto.demo_game.o:(_ZN5shine4game9Component8onAttachEv)
       -     40c2        3                 shine::game::Component::onAttach()
       -     40c5        3         E:\c++\ShineEngine\dev\Program\smallwasm\build-wasm\Debug\output.gl.raw.wasm.lto.demo_game.o:(_ZN5shine4game9Component8onDetachEv)
       -     40c5        3                 shine::game::Component::onDetach()
       -     40c8        3         E:\c++\ShineEngine\dev\Program\smallwasm\build-wasm\Debug\output.gl.raw.wasm.lto.demo_game.o:(_ZN5shine4game9Component8onUpdateEf)
       -     40c8        3                 shine::game::Component::onUpdate(float)
       -     40cb        3         E:\c++\ShineEngine\dev\Program\smallwasm\build-wasm\Debug\output.gl.raw.wasm.lto.demo_game.o:(_ZN5shine4game9Component8onRenderERNS0_13RenderContextEf)
       -     40cb        3                 shine::game::Component::onRender(shine::game::RenderContext&, float)
       -     40ce        3         E:\c++\ShineEngine\dev\Program\smallwasm\build-wasm\Debug\output.gl.raw.wasm.lto.demo_game.o:(_ZN5shine4game9Component9onPointerEffi)
       -     40ce        3                 shine::game::Component::onPointer(float, float, int)
       -     40d1       11         E:\c++\ShineEngine\dev\Program\smallwasm\build-wasm\Debug\output.gl.raw.wasm.lto.demo_game.o:(_ZN5shine4game14SpriteRendererD0Ev)
       -     40d1       11                 shine::game::SpriteRenderer::~SpriteRenderer()
       -     40e2      1f5         E:\c++\ShineEngine\dev\Program\smallwasm\build-wasm\Debug\output.gl.raw.wasm.lto.demo_game.o:(_ZN5shine4game14SpriteRenderer8onRenderERNS0_13RenderContextEf)
       -     40e2      1f5                 shine::game::SpriteRenderer::onRender(shine::game::RenderContext&, float)
       -     42d7      17b         E:\c++\ShineEngine\dev\Program\smallwasm\build-wasm\Debug\output.gl.raw.wasm.lto.demo_game.o:(_ZNK5shine4game9Transform8worldXYZERfS2_S2_)
       -     42d7      17b                 shine::game::Transform::worldXYZ(float&, float&, float&) const
       -     4452       11         E:\c++\ShineEngine\dev\Program\smallwasm\build-wasm\Debug\output.gl.raw.wasm.lto.demo_game.o:(_ZN11KillOnClickD0Ev)
       -     4452       11                 KillOnClick::~KillOnClick()
       -     4463       d2         E:\c++\ShineEngine\dev\Program\smallwasm\build-wasm\Debug\output.gl.raw.wasm.lto.demo_game.o:(_ZN11KillOnClick9onPointerEffi)
       -     4463       d2                 KillOnClick::onPointer(float, float, int)
       -     4535       32         E:\c++\ShineEngine\dev\Program\smallwasm\build-wasm\Debug\output.gl.raw.wasm.lto.demo_game.o:(_ZN5shine2ui6Button4initEv)
       -     4535       32                 shine::ui::Button::init()
       -     4567        b         E:\c++\ShineEngine\dev\Program\smallwasm\build-wasm\Debug\output.gl.raw.wasm.lto.demo_game.o:(_ZN5shine2ui6ButtonD0Ev)
       -     4567        b                 shine::ui::Button::~Button()
       -     4572       5b         E:\c++\ShineEngine\dev\Program\smallwasm\build-wasm\Debug\output.gl.raw.wasm.lto.demo_game.o:(_ZNK5shine2ui7Element3hitEff)
       -     4572       5b                 shine::ui::Element::hit(float, float) const
       -     45cd      128         E:\c++\ShineEngine\dev\Program\smallwasm\build-wasm\Debug\output.gl.raw.wasm.lto.demo_game.o:(_ZN5shine2ui6Button7pointerEffi)
       -     45cd      128                 shine::ui::Button::pointer(float, float, int)
       -     46f5        f         E:\c++\ShineEngine\dev\Program\smallwasm\build-wasm\Debug\output.gl.raw.wasm.lto.demo_game.o:(_ZN5shine2ui6Button8onResizeEii)
       -     46f5        f                 shine::ui::Button::onResize(int, int)
       -     4704      14b         E:\c++\ShineEngine\dev\Program\smallwasm\build-wasm\Debug\output.gl.raw.wasm.lto.demo_game.o:(_ZN5shine2ui7Element8onResizeEii)
       -     4704      14b                 shine::ui::Element::onResize(int, int)
       -     484f      14d         E:\c++\ShineEngine\dev\Program\smallwasm\build-wasm\Debug\output.gl.raw.wasm.lto.demo_game.o:(_ZN5shine2ui6Button6renderEi)
       -     484f      14d                 shine::ui::Button::render(int)
       -     499c        b         E:\c++\ShineEngine\dev\Program\smallwasm\build-wasm\Debug\output.gl.raw.wasm.lto.demo_game.o:(_ZN5shine2ui7ElementD0Ev)
       -     499c        b                 shine::ui::Element::~Element()
       -     49a7        a         E:\c++\ShineEngine\dev\Program\smallwasm\build-wasm\Debug\output.gl.raw.wasm.lto.demo_game.o:(_ZN5shine2ui7Element4initEv)
       -     49a7        a                 shine::ui::Element::init()
       -     49b1       40         E:\c++\ShineEngine\dev\Program\smallwasm\build-wasm\Debug\output.gl.raw.wasm.lto.demo_game.o:(_ZN5shine2ui7Element7pointerEffi)
       -     49b1       40                 shine::ui::Element::pointer(float, float, int)
       -     49f1        3         E:\c++\ShineEngine\dev\Program\smallwasm\build-wasm\Debug\output.gl.raw.wasm.lto.demo_game.o:(_ZN5shine2ui7Element6renderEi)
       -     49f1        3                 shine::ui::Element::render(int)
       -     49f4        5         E:\c++\ShineEngine\dev\Program\smallwasm\build-wasm\Debug\output.gl.raw.wasm.lto.demo_game.o:(_ZN5shine2ui7ElementD2Ev)
       -     49f4        5                 shine::ui::Element::~Element()
       -     49f9        b         E:\c++\ShineEngine\dev\Program\smallwasm\build-wasm\Debug\output.gl.raw.wasm.lto.demo_game.o:(_ZN5shine2ui5ImageD0Ev)
       -     49f9        b                 shine::ui::Image::~Image()
       -     4a04        f         E:\c++\ShineEngine\dev\Program\smallwasm\build-wasm\Debug\output.gl.raw.wasm.lto.demo_game.o:(_ZN5shine2ui5Image8onResizeEii)
       -     4a04        f                 shine::ui::Image::onResize(int, int)
       -     4a13       34         E:\c++\ShineEngine\dev\Program\smallwasm\build-wasm\Debug\output.gl.raw.wasm.lto.demo_game.o:(_ZN5shine2ui5Image6renderEi)
       -     4a13       34                 shine::ui::Image::render(int)
       -     4a4b     1ea8 DATA
   10000     4a4c      cac .rodata
   10000     4a54       1c         E:\c++\ShineEngine\dev\Program\smallwasm\build-wasm\Debug\output.gl.raw.wasm.lto.wasm_runtime.o:(.rodata._ZL10kBinLimits.llvm.11468487331653620872)
   10000     4a54       1c                 kBinLimits (.llvm.11468487331653620872)
   10020     4a74       cc         E:\c++\ShineEngine\dev\Program\smallwasm\build-wasm\Debug\output.gl.raw.wasm.lto.renderer_2d.o:(.rodata._ZN5shine8graphicsL7kVS_TEXE.llvm.15707240544315241814)
   10020     4a74       cc                 shine::graphics::kVS_TEX (.llvm.15707240544315241814)
   100f0     4b44       86         E:\c++\ShineEngine\dev\Program\smallwasm\build-wasm\Debug\output.gl.raw.wasm.lto.renderer_2d.o:(.rodata._ZN5shine8graphicsL7kFS_TEXE.llvm.15707240544315241814)
   100f0     4b44       86                 shine::graphics::kFS_TEX (.llvm.15707240544315241814)
   10180     4bd4       cb         E:\c++\ShineEngine\dev\Program\smallwasm\build-wasm\Debug\output.gl.raw.wasm.lto.renderer_2d.o:(.rodata._ZN5shine8graphicsL7kVS_COLE.llvm.15707240544315241814)
   10180     4bd4       cb                 shine::graphics::kVS_COL (.llvm.15707240544315241814)
   10250     4ca4       6d         E:\c++\ShineEngine\dev\Program\smallwasm\build-wasm\Debug\output.gl.raw.wasm.lto.renderer_2d.o:(.rodata._ZN5shine8graphicsL7kFS_COLE.llvm.15707240544315241814)
   10250     4ca4       6d                 shine::graphics::kFS_COL (.llvm.15707240544315241814)
   102c0     4d14      487         E:\c++\ShineEngine\dev\Program\smallwasm\build-wasm\Debug\output.gl.raw.wasm.lto.renderer_2d.o:(.rodata._ZN5shine8graphicsL6kFS_RRE.llvm.15707240544315241814)
   102c0     4d14      487                 shine::graphics::kFS_RR (.llvm.15707240544315241814)
   10750     51a4       28         E:\c++\ShineEngine\dev\Program\smallwasm\build-wasm\Debug\output.gl.raw.wasm.lto.renderer_2d.o:(.rodata._ZZN5shine8graphics10Renderer2D4initEiE9kUniforms.llvm.15707240544315241814)
   10750     51a4       28                 shine::graphics::Renderer2D::init(int)::kUniforms (.llvm.15707240544315241814)
   10778     51cc        5         E:\c++\ShineEngine\dev\Program\smallwasm\build-wasm\Debug\output.gl.raw.wasm.lto.renderer_2d.o:(.rodata._ZN5shine8graphicsL6kU_TEXE.llvm.15707240544315241814)
   10778     51cc        5                 shine::graphics::kU_TEX (.llvm.15707240544315241814)
   1077d     51d1        a         E:\c++\ShineEngine\dev\Program\smallwasm\build-wasm\Debug\output.gl.raw.wasm.lto.renderer_2d.o:(.rodata._ZN5shine8graphicsL7kU_VIEWE.llvm.15707240544315241814)
   1077d     51d1        a                 shine::graphics::kU_VIEW (.llvm.15707240544315241814)
   10790     51e4       28         E:\c++\ShineEngine\dev\Program\smallwasm\build-wasm\Debug\output.gl.raw.wasm.lto.renderer_2d.o:(.rodata._ZZN5shine8graphics10Renderer2D4initEiE15kRRUniformNames.llvm.15707240544315241814)
   10790     51e4       28                 shine::graphics::Renderer2D::init(int)::kRRUniformNames (.llvm.15707240544315241814)
   107b8     520c        5         E:\c++\ShineEngine\dev\Program\smallwasm\build-wasm\Debug\output.gl.raw.wasm.lto.renderer_2d.o:(.rodata._ZN5shine8graphicsL9kU_RR_RADE.llvm.15707240544315241814)
   107b8     520c        5                 shine::graphics::kU_RR_RAD (.llvm.15707240544315241814)
   107bd     5211        8         E:\c++\ShineEngine\dev\Program\smallwasm\build-wasm\Debug\output.gl.raw.wasm.lto.renderer_2d.o:(.rodata._ZN5shine8graphicsL12kU_RR_USETEXE.llvm.15707240544315241814)
   107bd     5211        8                 shine::graphics::kU_RR_USETEX (.llvm.15707240544315241814)
   107c5     5219        7         E:\c++\ShineEngine\dev\Program\smallwasm\build-wasm\Debug\output.gl.raw.wasm.lto.renderer_2d.o:(.rodata._ZN5shine8graphicsL11kU_RR_COLORE.llvm.15707240544315241814)
   107c5     5219        7                 shine::graphics::kU_RR_COLOR (.llvm.15707240544315241814)
   107cc     5220        9         E:\c++\ShineEngine\dev\Program\smallwasm\build-wasm\Debug\output.gl.raw.wasm.lto.renderer_2d.o:(.rodata._ZN5shine8graphicsL13kU_RR_TEXTINTE.llvm.15707240544315241814)
   107cc     5220        9                 shine::graphics::kU_RR_TEXTINT (.llvm.15707240544315241814)
   107d5     5229        d         E:\c++\ShineEngine\dev\Program\smallwasm\build-wasm\Debug\output.gl.raw.wasm.lto.renderer_2d.o:(.rodata._ZN5shine8graphicsL17kU_RR_BORDERCOLORE.llvm.15707240544315241814)
   107d5     5229        d                 shine::graphics::kU_RR_BORDERCOLOR (.llvm.15707240544315241814)
   107e2     5236        8         E:\c++\ShineEngine\dev\Program\smallwasm\build-wasm\Debug\output.gl.raw.wasm.lto.renderer_2d.o:(.rodata._ZN5shine8graphicsL12kU_RR_BORDERE.llvm.15707240544315241814)
   107e2     5236        8                 shine::graphics::kU_RR_BORDER (.llvm.15707240544315241814)
   107ea     523e        d         E:\c++\ShineEngine\dev\Program\smallwasm\build-wasm\Debug\output.gl.raw.wasm.lto.renderer_2d.o:(.rodata._ZN5shine8graphicsL17kU_RR_SHADOWCOLORE.llvm.15707240544315241814)
   107ea     523e        d                 shine::graphics::kU_RR_SHADOWCOLOR (.llvm.15707240544315241814)
   107f7     524b        b         E:\c++\ShineEngine\dev\Program\smallwasm\build-wasm\Debug\output.gl.raw.wasm.lto.renderer_2d.o:(.rodata._ZN5shine8graphicsL15kU_RR_SHADOWOFFE.llvm.15707240544315241814)
   107f7     524b        b                 shine::graphics::kU_RR_SHADOWOFF (.llvm.15707240544315241814)
   10802     5256        c         E:\c++\ShineEngine\dev\Program\smallwasm\build-wasm\Debug\output.gl.raw.wasm.lto.renderer_2d.o:(.rodata._ZN5shine8graphicsL16kU_RR_SHADOWBLURE.llvm.15707240544315241814)
   10802     5256        c                 shine::graphics::kU_RR_SHADOWBLUR (.llvm.15707240544315241814)
   1080e     5262        e         E:\c++\ShineEngine\dev\Program\smallwasm\build-wasm\Debug\output.gl.raw.wasm.lto.renderer_2d.o:(.rodata._ZN5shine8graphicsL18kU_RR_SHADOWSPREADE.llvm.15707240544315241814)
   1080e     5262        e                 shine::graphics::kU_RR_SHADOWSPREAD (.llvm.15707240544315241814)
   1081c     5270        2         E:\c++\ShineEngine\dev\Program\smallwasm\build-wasm\Debug\output.gl.raw.wasm.lto.engine.o:(.rodata._ZN5shine6engineL9kCanvasIdE.llvm.11674164377453949930)
   1081c     5270        2                 shine::engine::kCanvasId (.llvm.11674164377453949930)
   10820     5274       40         E:\c++\ShineEngine\dev\Program\smallwasm\build-wasm\Debug\output.gl.raw.wasm.lto.demo_game.o:(.rodata._ZZN8DemoGame8onRenderEfE9kIdentity)
   10820     5274       40                 DemoGame::onRender(float)::kIdentity
   10860     52b4       24         E:\c++\ShineEngine\dev\Program\smallwasm\build-wasm\Debug\output.gl.raw.wasm.lto.demo_game.o:(.rodata._ZTV8DemoGame)
   10860     52b4       24                 vtable for DemoGame
   10890     52e4       87         E:\c++\ShineEngine\dev\Program\smallwasm\build-wasm\Debug\output.gl.raw.wasm.lto.demo_game.o:(.rodata._ZL3kVS)
   10890     52e4       87                 kVS
   10920     5374       6d         E:\c++\ShineEngine\dev\Program\smallwasm\build-wasm\Debug\output.gl.raw.wasm.lto.demo_game.o:(.rodata._ZL3kFS)
   10920     5374       6d                 kFS
   10990     53e4       d7         E:\c++\ShineEngine\dev\Program\smallwasm\build-wasm\Debug\output.gl.raw.wasm.lto.demo_game.o:(.rodata._ZL8kVS_INST)
   10990     53e4       d7                 kVS_INST
   10a70     54c4       78         E:\c++\ShineEngine\dev\Program\smallwasm\build-wasm\Debug\output.gl.raw.wasm.lto.demo_game.o:(.rodata._ZZL17demo_init_shadersP8DemoGameiE1q)
   10a70     54c4       78                 demo_init_shaders(DemoGame*, int)::q
   10ae8     553c       27         <internal>:(.rodata)
   10b10     5564       18         E:\c++\ShineEngine\dev\Program\smallwasm\build-wasm\Debug\output.gl.raw.wasm.lto.demo_game.o:(.rodata._ZTVN5shine4game4NodeE)
   10b10     5564       18                 vtable for shine::game::Node
   10b28     557c       18         E:\c++\ShineEngine\dev\Program\smallwasm\build-wasm\Debug\output.gl.raw.wasm.lto.demo_game.o:(.rodata._ZTVN5shine4game6ObjectE)
   10b28     557c       18                 vtable for shine::game::Object
   10b40     5594       2c         E:\c++\ShineEngine\dev\Program\smallwasm\build-wasm\Debug\output.gl.raw.wasm.lto.demo_game.o:(.rodata._ZTVN5shine4game9TransformE)
   10b40     5594       2c                 vtable for shine::game::Transform
   10b6c     55c0       2c         E:\c++\ShineEngine\dev\Program\smallwasm\build-wasm\Debug\output.gl.raw.wasm.lto.demo_game.o:(.rodata._ZTVN5shine4game14SpriteRendererE)
   10b6c     55c0       2c                 vtable for shine::game::SpriteRenderer
   10b98     55ec       2c         E:\c++\ShineEngine\dev\Program\smallwasm\build-wasm\Debug\output.gl.raw.wasm.lto.demo_game.o:(.rodata._ZTV11KillOnClick)
   10b98     55ec       2c                 vtable for KillOnClick
   10bc4     5618       24         E:\c++\ShineEngine\dev\Program\smallwasm\build-wasm\Debug\output.gl.raw.wasm.lto.demo_game.o:(.rodata._ZTVN5shine2ui6ButtonE)
   10bc4     5618       24                 vtable for shine::ui::Button
   10be8     563c       24         E:\c++\ShineEngine\dev\Program\smallwasm\build-wasm\Debug\output.gl.raw.wasm.lto.demo_game.o:(.rodata._ZTVN5shine2ui7ElementE)
   10be8     563c       24                 vtable for shine::ui::Element
   10c0c     5660       7c         E:\c++\ShineEngine\dev\Program\smallwasm\build-wasm\Debug\output.gl.raw.wasm.lto.demo_game.o:(.rodata._ZN5shine2ui26DefaultButtonStyleInstanceE)
   10c0c     5660       7c                 shine::ui::DefaultButtonStyleInstance
   10c88     56dc       24         E:\c++\ShineEngine\dev\Program\smallwasm\build-wasm\Debug\output.gl.raw.wasm.lto.demo_game.o:(.rodata._ZTVN5shine2ui5ImageE)
   10c88     56dc       24                 vtable for shine::ui::Image
   10cac     5700     11e8 .data
   10cac     5708     1034         E:\c++\ShineEngine\dev\Program\smallwasm\build-wasm\Debug\output.gl.raw.wasm.lto.wasm_command_buffer.o:(.data._ZN5shine8graphics12g_cmd_bufferE)
   10cac     5708     1034                 shine::graphics::g_cmd_buffer
   11ce0     673c      144         E:\c++\ShineEngine\dev\Program\smallwasm\build-wasm\Debug\output.gl.raw.wasm.lto.texture_manager.o:(.data._ZN5shine8graphicsL8s_texMgrE.llvm.16318604870601501727)
   11ce0     673c      144                 shine::graphics::s_texMgr (.llvm.16318604870601501727)
   11e24     6880       3c         E:\c++\ShineEngine\dev\Program\smallwasm\build-wasm\Debug\output.gl.raw.wasm.lto.ui_manager.o:(.data._ZN5shine2uiL7s_uiMgrE.llvm.403798899706918199)
   11e24     6880       3c                 shine::ui::s_uiMgr (.llvm.403798899706918199)
   11e60     68bc       30         E:\c++\ShineEngine\dev\Program\smallwasm\build-wasm\Debug\output.gl.raw.wasm.lto.engine.o:(.data._ZN5shine6engineL17s_engine_instanceE.llvm.11674164377453949930)
   11e60     68bc       30                 shine::engine::s_engine_instance (.llvm.11674164377453949930)
   11e90     68ec        4         E:\c++\ShineEngine\dev\Program\smallwasm\build-wasm\Debug\output.gl.raw.wasm.lto.demo_game.o:(.data._ZZN5shine4game6Object7next_idEvE1s)
   11e90     68ec        4                 shine::game::Object::next_id()::s
   11ea0     4a4b       dc .bss
   11ea0        0        4         E:\c++\ShineEngine\dev\Program\smallwasm\build-wasm\Debug\output.gl.raw.wasm.lto.wasm_runtime.o:(.bss._ZL13g_alloc_count.llvm.11468487331653620872)
   11ea0        0        4                 g_alloc_count (.llvm.11468487331653620872)
   11ea4        0        4         E:\c++\ShineEngine\dev\Program\smallwasm\build-wasm\Debug\output.gl.raw.wasm.lto.wasm_runtime.o:(.bss._ZL10g_heap_ptr.llvm.11468487331653620872)
   11ea4        0        4                 g_heap_ptr (.llvm.11468487331653620872)
   11ea8        0        4         E:\c++\ShineEngine\dev\Program\smallwasm\build-wasm\Debug\output.gl.raw.wasm.lto.wasm_runtime.o:(.bss._ZL18g_alloc_fail_count.llvm.11468487331653620872)
   11ea8        0        4                 g_alloc_fail_count (.llvm.11468487331653620872)
   11eac        0        4         E:\c++\ShineEngine\dev\Program\smallwasm\build-wasm\Debug\output.gl.raw.wasm.lto.wasm_runtime.o:(.bss._ZL12g_free_count.llvm.11468487331653620872)
   11eac        0        4                 g_free_count (.llvm.11468487331653620872)
   11eb0        0       20         E:\c++\ShineEngine\dev\Program\smallwasm\build-wasm\Debug\output.gl.raw.wasm.lto.wasm_runtime.o:(.bss._ZL11g_free_bins.llvm.11468487331653620872)
   11eb0        0       20                 g_free_bins (.llvm.11468487331653620872)
   11ed0        0        4         E:\c++\ShineEngine\dev\Program\smallwasm\build-wasm\Debug\output.gl.raw.wasm.lto.object.o:(.bss._ZN5shine4game6Object9s_gc_headE)
   11ed0        0        4                 shine::game::Object::s_gc_head
   11ed4        0        4         E:\c++\ShineEngine\dev\Program\smallwasm\build-wasm\Debug\output.gl.raw.wasm.lto.object.o:(.bss._ZN5shine4game6Object20s_pending_kill_countE)
   11ed4        0        4                 shine::game::Object::s_pending_kill_count
   11ed8        0       94         E:\c++\ShineEngine\dev\Program\smallwasm\build-wasm\Debug\output.gl.raw.wasm.lto.renderer_2d.o:(.bss._ZN5shine8graphicsL10s_rendererE.llvm.15707240544315241814)
   11ed8        0       94                 shine::graphics::s_renderer (.llvm.15707240544315241814)
   11f6c        0        4         E:\c++\ShineEngine\dev\Program\smallwasm\build-wasm\Debug\output.gl.raw.wasm.lto.demo_game.o:(.bss.g_demo_game)
   11f6c        0        4                 g_demo_game
   11f70        0        4         E:\c++\ShineEngine\dev\Program\smallwasm\build-wasm\Debug\output.gl.raw.wasm.lto.demo_game.o:(.bss._ZZN5shine4game13ComponentTypeINS0_9TransformEE2idEvE1k)
   11f70        0        4                 shine::game::ComponentType<shine::game::Transform>::id()::k
   11f74        0        4         E:\c++\ShineEngine\dev\Program\smallwasm\build-wasm\Debug\output.gl.raw.wasm.lto.demo_game.o:(.bss._ZZN5shine4game13ComponentTypeINS0_14SpriteRendererEE2idEvE1k)
   11f74        0        4                 shine::game::ComponentType<shine::game::SpriteRenderer>::id()::k
   11f78        0        4         E:\c++\ShineEngine\dev\Program\smallwasm\build-wasm\Debug\output.gl.raw.wasm.lto.demo_game.o:(.bss._ZZN5shine4game13ComponentTypeI11KillOnClickE2idEvE1k)
   11f78        0        4                 shine::game::ComponentType<KillOnClick>::id()::k
